2024-04-11 21:50:04,720  * Debugger is active!
2024-04-11 21:50:04,731  * Debugger PIN: 139-171-276
2024-04-11 21:50:11,356 127.0.0.1 - - [11/Apr/2024 21:50:11] "POST /register HTTP/1.1" 200 -
2024-04-11 21:50:45,603  * Detected change in 'E:\\Python_project\\flask_blog\\app.py', reloading
2024-04-11 21:50:46,309  * Debugger is active!
2024-04-11 21:50:46,318  * Debugger PIN: 139-171-276
2024-04-11 21:50:48,630 127.0.0.1 - - [11/Apr/2024 21:50:48] "POST /register HTTP/1.1" 200 -
2024-04-11 21:50:52,716 127.0.0.1 - - [11/Apr/2024 21:50:52] "POST /register HTTP/1.1" 200 -
2024-04-11 22:08:48,376 127.0.0.1 - - [11/Apr/2024 22:08:48] "POST /register HTTP/1.1" 200 -
2024-04-11 22:08:52,919 127.0.0.1 - - [11/Apr/2024 22:08:52] "POST /register HTTP/1.1" 200 -
2024-04-11 22:09:07,009 127.0.0.1 - - [11/Apr/2024 22:09:07] "POST /register HTTP/1.1" 200 -
2024-04-11 22:09:45,001  * Detected change in 'E:\\Python_project\\flask_blog\\app.py', reloading
2024-04-11 22:09:45,837  * Debugger is active!
2024-04-11 22:09:45,847  * Debugger PIN: 139-171-276
2024-04-11 22:09:48,450 127.0.0.1 - - [11/Apr/2024 22:09:48] "POST /register HTTP/1.1" 200 -
2024-04-11 22:09:52,512 127.0.0.1 - - [11/Apr/2024 22:09:52] "POST /register HTTP/1.1" 200 -
2024-04-11 22:17:48,217 127.0.0.1 - - [11/Apr/2024 22:17:48] "POST /register HTTP/1.1" 200 -
2024-04-11 22:18:00,641 127.0.0.1 - - [11/Apr/2024 22:18:00] "[33mPOST /send_verification_code HTTP/1.1[0m" 404 -
2024-04-11 22:18:01,470 127.0.0.1 - - [11/Apr/2024 22:18:01] "[33mPOST /send_verification_code HTTP/1.1[0m" 404 -
2024-04-11 22:18:22,585 The CSRF token is missing.
2024-04-11 22:18:22,586 127.0.0.1 - - [11/Apr/2024 22:18:22] "POST /register HTTP/1.1" 200 -
2024-04-11 22:20:57,014  * Detected change in 'E:\\Python_project\\flask_blog\\app.py', reloading
2024-04-11 22:20:57,741  * Debugger is active!
2024-04-11 22:20:57,752  * Debugger PIN: 139-171-276
2024-04-11 22:22:15,759  * Detected change in 'E:\\Python_project\\flask_blog\\app.py', reloading
2024-04-11 22:22:16,483  * Debugger is active!
2024-04-11 22:22:16,491  * Debugger PIN: 139-171-276
2024-04-11 22:24:14,448 The CSRF token is missing.
2024-04-11 22:24:14,452 127.0.0.1 - - [11/Apr/2024 22:24:14] "POST /register HTTP/1.1" 200 -
2024-04-11 22:24:22,988 The CSRF token is missing.
2024-04-11 22:24:22,988 127.0.0.1 - - [11/Apr/2024 22:24:22] "POST /register HTTP/1.1" 200 -
2024-04-11 22:26:23,530 The CSRF token is missing.
2024-04-11 22:26:23,533 127.0.0.1 - - [11/Apr/2024 22:26:23] "POST /register HTTP/1.1" 200 -
2024-04-11 22:27:44,982 The CSRF token is missing.
2024-04-11 22:27:45,003 127.0.0.1 - - [11/Apr/2024 22:27:45] "POST /register HTTP/1.1" 200 -
2024-04-11 22:27:58,518 The CSRF token is missing.
2024-04-11 22:27:58,519 127.0.0.1 - - [11/Apr/2024 22:27:58] "POST /register HTTP/1.1" 200 -
2024-04-11 22:28:05,414 127.0.0.1 - - [11/Apr/2024 22:28:05] "POST /register HTTP/1.1" 200 -
2024-04-11 22:28:49,262  * Detected change in 'E:\\Python_project\\flask_blog\\function\\registration.py', reloading
2024-04-11 22:28:50,525  * Debugger is active!
2024-04-11 22:28:50,543  * Debugger PIN: 139-171-276
2024-04-11 22:28:52,057 127.0.0.1 - - [11/Apr/2024 22:28:52] "[32mPOST /register HTTP/1.1[0m" 302 -
2024-04-11 22:28:52,077 127.0.0.1 - - [11/Apr/2024 22:28:52] "GET /register HTTP/1.1" 200 -
2024-04-11 22:29:05,885 127.0.0.1 - - [11/Apr/2024 22:29:05] "POST /register HTTP/1.1" 200 -
2024-04-11 22:29:15,707 127.0.0.1 - - [11/Apr/2024 22:29:15] "POST /register HTTP/1.1" 200 -
2024-04-11 22:29:20,365 127.0.0.1 - - [11/Apr/2024 22:29:20] "POST /register HTTP/1.1" 200 -
2024-04-11 22:29:30,138 127.0.0.1 - - [11/Apr/2024 22:29:30] "[32mPOST /register HTTP/1.1[0m" 302 -
2024-04-11 22:29:30,144 127.0.0.1 - - [11/Apr/2024 22:29:30] "GET /register HTTP/1.1" 200 -
2024-04-11 22:30:14,754  * Detected change in 'E:\\Python_project\\flask_blog\\app.py', reloading
2024-04-11 22:30:15,693  * Debugger is active!
2024-04-11 22:30:15,703  * Debugger PIN: 139-171-276
2024-04-11 22:30:15,794 127.0.0.1 - - [11/Apr/2024 22:30:15] "GET /register HTTP/1.1" 200 -
2024-04-11 22:30:24,973 127.0.0.1 - - [11/Apr/2024 22:30:24] "[32mPOST /register HTTP/1.1[0m" 302 -
2024-04-11 22:30:24,981 127.0.0.1 - - [11/Apr/2024 22:30:24] "GET /login HTTP/1.1" 200 -
2024-04-11 22:31:11,502  * Detected change in 'E:\\Python_project\\flask_blog\\app.py', reloading
2024-04-11 22:31:12,316  * Debugger is active!
2024-04-11 22:31:12,338  * Debugger PIN: 139-171-276
2024-04-11 22:31:13,454 127.0.0.1 - - [11/Apr/2024 22:31:13] "GET /login HTTP/1.1" 200 -
2024-04-11 22:31:14,418 127.0.0.1 - - [11/Apr/2024 22:31:14] "GET /register HTTP/1.1" 200 -
2024-04-11 22:31:34,670 127.0.0.1 - - [11/Apr/2024 22:31:34] "[32mPOST /register HTTP/1.1[0m" 302 -
2024-04-11 22:31:34,678 127.0.0.1 - - [11/Apr/2024 22:31:34] "GET /login HTTP/1.1" 200 -
2024-04-11 22:31:38,236 127.0.0.1 - - [11/Apr/2024 22:31:38] "GET /register HTTP/1.1" 200 -
2024-04-11 22:33:25,158 127.0.0.1 - - [11/Apr/2024 22:33:25] "GET /register HTTP/1.1" 200 -
2024-04-11 22:33:27,537 127.0.0.1 - - [11/Apr/2024 22:33:27] "GET /login HTTP/1.1" 200 -
2024-04-11 22:33:29,255 127.0.0.1 - - [11/Apr/2024 22:33:29] "GET /register HTTP/1.1" 200 -
2024-04-11 22:34:05,551 127.0.0.1 - - [11/Apr/2024 22:34:05] "GET /register HTTP/1.1" 200 -
2024-04-11 22:36:26,595 127.0.0.1 - - [11/Apr/2024 22:36:26] "GET /login HTTP/1.1" 200 -
2024-04-11 22:36:31,103 127.0.0.1 - - [11/Apr/2024 22:36:31] "[32mPOST /login HTTP/1.1[0m" 302 -
2024-04-11 22:36:31,115 127.0.0.1 - - [11/Apr/2024 22:36:31] "GET / HTTP/1.1" 200 -
2024-04-11 22:38:49,090  * Detected change in 'E:\\Python_project\\flask_blog\\function\\registration.py', reloading
2024-04-11 22:38:50,065  * Debugger is active!
2024-04-11 22:38:50,076  * Debugger PIN: 139-171-276
2024-04-11 22:39:03,996  * Detected change in 'E:\\Python_project\\flask_blog\\function\\utils.py', reloading
2024-04-11 22:39:04,519  * Debugger is active!
2024-04-11 22:39:04,526  * Debugger PIN: 139-171-276
2024-04-11 22:54:04,424  * Detected change in 'E:\\Python_project\\flask_blog\\function\\utils.py', reloading
2024-04-11 22:54:05,169  * Debugger is active!
2024-04-11 22:54:05,181  * Debugger PIN: 139-171-276
2024-04-11 22:55:49,987  * Detected change in 'E:\\Python_project\\flask_blog\\app.py', reloading
2024-04-11 22:55:50,644  * Debugger is active!
2024-04-11 22:55:50,652  * Debugger PIN: 139-171-276
2024-04-11 23:08:18,951 127.0.0.1 - - [11/Apr/2024 23:08:18] "[35m[1mGET / HTTP/1.1[0m" 500 -
2024-04-11 23:08:19,228 127.0.0.1 - - [11/Apr/2024 23:08:19] "[36mGET /?__debugger__=yes&cmd=resource&f=style.css HTTP/1.1[0m" 304 -
2024-04-11 23:08:19,231 127.0.0.1 - - [11/Apr/2024 23:08:19] "[36mGET /?__debugger__=yes&cmd=resource&f=debugger.js HTTP/1.1[0m" 304 -
2024-04-11 23:08:19,272 127.0.0.1 - - [11/Apr/2024 23:08:19] "[36mGET /?__debugger__=yes&cmd=resource&f=console.png HTTP/1.1[0m" 304 -
2024-04-11 23:08:19,564 127.0.0.1 - - [11/Apr/2024 23:08:19] "[36mGET /?__debugger__=yes&cmd=resource&f=console.png HTTP/1.1[0m" 304 -
2024-04-11 23:08:53,462 127.0.0.1 - - [11/Apr/2024 23:08:53] "[35m[1mGET / HTTP/1.1[0m" 500 -
2024-04-11 23:08:53,481 127.0.0.1 - - [11/Apr/2024 23:08:53] "[36mGET /?__debugger__=yes&cmd=resource&f=style.css HTTP/1.1[0m" 304 -
2024-04-11 23:08:53,495 127.0.0.1 - - [11/Apr/2024 23:08:53] "[36mGET /?__debugger__=yes&cmd=resource&f=debugger.js HTTP/1.1[0m" 304 -
2024-04-11 23:08:53,516 127.0.0.1 - - [11/Apr/2024 23:08:53] "[36mGET /?__debugger__=yes&cmd=resource&f=console.png HTTP/1.1[0m" 304 -
2024-04-11 23:08:53,589 127.0.0.1 - - [11/Apr/2024 23:08:53] "[36mGET /?__debugger__=yes&cmd=resource&f=console.png HTTP/1.1[0m" 304 -
2024-04-11 23:09:51,264 127.0.0.1 - - [11/Apr/2024 23:09:51] "GET / HTTP/1.1" 200 -
2024-04-11 23:20:05,451 127.0.0.1 - - [11/Apr/2024 23:20:05] "[35m[1mGET / HTTP/1.1[0m" 500 -
2024-04-11 23:20:05,501 127.0.0.1 - - [11/Apr/2024 23:20:05] "[36mGET /?__debugger__=yes&cmd=resource&f=style.css HTTP/1.1[0m" 304 -
2024-04-11 23:20:05,510 127.0.0.1 - - [11/Apr/2024 23:20:05] "[36mGET /?__debugger__=yes&cmd=resource&f=debugger.js HTTP/1.1[0m" 304 -
2024-04-11 23:20:05,563 127.0.0.1 - - [11/Apr/2024 23:20:05] "[36mGET /?__debugger__=yes&cmd=resource&f=console.png HTTP/1.1[0m" 304 -
2024-04-11 23:20:05,776 127.0.0.1 - - [11/Apr/2024 23:20:05] "[36mGET /?__debugger__=yes&cmd=resource&f=console.png HTTP/1.1[0m" 304 -
2024-04-11 23:20:24,718 127.0.0.1 - - [11/Apr/2024 23:20:24] "GET / HTTP/1.1" 200 -
2024-04-11 23:20:24,794 127.0.0.1 - - [11/Apr/2024 23:20:24] "[33mGET /static/默认头像.jpg HTTP/1.1[0m" 404 -
2024-04-11 23:20:39,277 127.0.0.1 - - [11/Apr/2024 23:20:39] "GET / HTTP/1.1" 200 -
2024-04-11 23:20:39,400 127.0.0.1 - - [11/Apr/2024 23:20:39] "[33mGET /static/默认头像.jpg HTTP/1.1[0m" 404 -
2024-04-11 23:20:59,919 127.0.0.1 - - [11/Apr/2024 23:20:59] "GET / HTTP/1.1" 200 -
2024-04-11 23:20:59,944 127.0.0.1 - - [11/Apr/2024 23:20:59] "GET /static/img/默认头像.jpg HTTP/1.1" 200 -
2024-04-11 23:21:53,932 127.0.0.1 - - [11/Apr/2024 23:21:53] "GET / HTTP/1.1" 200 -
2024-04-11 23:21:53,958 127.0.0.1 - - [11/Apr/2024 23:21:53] "[36mGET /static/img/默认头像.jpg HTTP/1.1[0m" 304 -
2024-04-11 23:22:09,024 127.0.0.1 - - [11/Apr/2024 23:22:09] "GET / HTTP/1.1" 200 -
2024-04-11 23:22:09,500 127.0.0.1 - - [11/Apr/2024 23:22:09] "[36mGET /static/img/默认头像.jpg HTTP/1.1[0m" 304 -
2024-04-11 23:22:19,565 127.0.0.1 - - [11/Apr/2024 23:22:19] "GET / HTTP/1.1" 200 -
2024-04-11 23:22:19,588 127.0.0.1 - - [11/Apr/2024 23:22:19] "[36mGET /static/img/默认头像.jpg HTTP/1.1[0m" 304 -
2024-04-11 23:23:51,720 127.0.0.1 - - [11/Apr/2024 23:23:51] "GET / HTTP/1.1" 200 -
2024-04-11 23:23:51,761 127.0.0.1 - - [11/Apr/2024 23:23:51] "[36mGET /static/img/默认头像.jpg HTTP/1.1[0m" 304 -
2024-04-11 23:24:01,849 127.0.0.1 - - [11/Apr/2024 23:24:01] "GET / HTTP/1.1" 200 -
2024-04-11 23:24:01,878 127.0.0.1 - - [11/Apr/2024 23:24:01] "[36mGET /static/img/默认头像.jpg HTTP/1.1[0m" 304 -
2024-04-11 23:28:06,442 127.0.0.1 - - [11/Apr/2024 23:28:06] "GET / HTTP/1.1" 200 -
2024-04-11 23:28:06,467 127.0.0.1 - - [11/Apr/2024 23:28:06] "[36mGET /static/img/默认头像.jpg HTTP/1.1[0m" 304 -
2024-04-11 23:33:16,143 127.0.0.1 - - [11/Apr/2024 23:33:16] "GET / HTTP/1.1" 200 -
2024-04-11 23:33:16,183 127.0.0.1 - - [11/Apr/2024 23:33:16] "[36mGET /static/img/默认头像.jpg HTTP/1.1[0m" 304 -
2024-04-11 23:33:43,006 127.0.0.1 - - [11/Apr/2024 23:33:43] "GET / HTTP/1.1" 200 -
2024-04-11 23:33:43,229 127.0.0.1 - - [11/Apr/2024 23:33:43] "[36mGET /static/img/默认头像.jpg HTTP/1.1[0m" 304 -
2024-04-11 23:33:57,942 127.0.0.1 - - [11/Apr/2024 23:33:57] "GET / HTTP/1.1" 200 -
2024-04-11 23:33:58,131 127.0.0.1 - - [11/Apr/2024 23:33:58] "[36mGET /static/img/默认头像.jpg HTTP/1.1[0m" 304 -
2024-04-11 23:34:04,230 127.0.0.1 - - [11/Apr/2024 23:34:04] "GET / HTTP/1.1" 200 -
2024-04-11 23:34:04,261 127.0.0.1 - - [11/Apr/2024 23:34:04] "[36mGET /static/img/默认头像.jpg HTTP/1.1[0m" 304 -
2024-04-11 23:34:31,611 127.0.0.1 - - [11/Apr/2024 23:34:31] "GET / HTTP/1.1" 200 -
2024-04-11 23:34:31,668 127.0.0.1 - - [11/Apr/2024 23:34:31] "[36mGET /static/img/默认头像.jpg HTTP/1.1[0m" 304 -
2024-04-11 23:35:25,253 127.0.0.1 - - [11/Apr/2024 23:35:25] "GET / HTTP/1.1" 200 -
2024-04-11 23:35:25,279 127.0.0.1 - - [11/Apr/2024 23:35:25] "[36mGET /static/img/默认头像.jpg HTTP/1.1[0m" 304 -
2024-04-11 23:41:41,915 127.0.0.1 - - [11/Apr/2024 23:41:41] "GET / HTTP/1.1" 200 -
2024-04-11 23:41:41,966 127.0.0.1 - - [11/Apr/2024 23:41:41] "[36mGET /static/img/默认头像.jpg HTTP/1.1[0m" 304 -
2024-04-11 23:46:37,449 127.0.0.1 - - [11/Apr/2024 23:46:37] "GET / HTTP/1.1" 200 -
2024-04-11 23:46:37,477 127.0.0.1 - - [11/Apr/2024 23:46:37] "[36mGET /static/img/默认头像.jpg HTTP/1.1[0m" 304 -
2024-04-12 08:06:25,697 [31m[1mWARNING: This is a development server. Do not use it in a production deployment. Use a production WSGI server instead.[0m
 * Running on http://127.0.0.1:5000
2024-04-12 08:06:25,697 [33mPress CTRL+C to quit[0m
2024-04-12 08:06:25,701  * Restarting with stat
2024-04-12 08:06:26,563  * Debugger is active!
2024-04-12 08:06:26,577  * Debugger PIN: 139-171-276
2024-04-12 08:06:29,894 127.0.0.1 - - [12/Apr/2024 08:06:29] "GET / HTTP/1.1" 200 -
2024-04-12 08:06:29,899 127.0.0.1 - - [12/Apr/2024 08:06:29] "GET / HTTP/1.1" 200 -
2024-04-12 08:06:30,199 127.0.0.1 - - [12/Apr/2024 08:06:30] "[36mGET /static/img/默认头像.jpg HTTP/1.1[0m" 304 -
2024-04-12 08:06:30,207 127.0.0.1 - - [12/Apr/2024 08:06:30] "[36mGET /static/img/默认头像.jpg HTTP/1.1[0m" 304 -
2024-04-12 08:25:04,903 127.0.0.1 - - [12/Apr/2024 08:25:04] "GET / HTTP/1.1" 200 -
2024-04-12 08:25:04,953 127.0.0.1 - - [12/Apr/2024 08:25:04] "GET / HTTP/1.1" 200 -
2024-04-12 08:25:05,221 127.0.0.1 - - [12/Apr/2024 08:25:05] "[36mGET /static/img/默认头像.jpg HTTP/1.1[0m" 304 -
2024-04-12 08:25:05,255 127.0.0.1 - - [12/Apr/2024 08:25:05] "[36mGET /static/img/默认头像.jpg HTTP/1.1[0m" 304 -
2024-04-12 08:25:32,148 127.0.0.1 - - [12/Apr/2024 08:25:32] "GET / HTTP/1.1" 200 -
2024-04-12 08:25:33,507 127.0.0.1 - - [12/Apr/2024 08:25:33] "[36mGET /static/img/默认头像.jpg HTTP/1.1[0m" 304 -
2024-04-12 08:27:39,282 127.0.0.1 - - [12/Apr/2024 08:27:39] "GET / HTTP/1.1" 200 -
2024-04-12 08:27:39,931 127.0.0.1 - - [12/Apr/2024 08:27:39] "[36mGET /static/img/默认头像.jpg HTTP/1.1[0m" 304 -
2024-04-12 08:27:53,917 127.0.0.1 - - [12/Apr/2024 08:27:53] "GET /login HTTP/1.1" 200 -
2024-04-12 08:28:18,824 127.0.0.1 - - [12/Apr/2024 08:28:18] "GET / HTTP/1.1" 200 -
2024-04-12 08:28:18,864 127.0.0.1 - - [12/Apr/2024 08:28:18] "[36mGET /static/img/默认头像.jpg HTTP/1.1[0m" 304 -
2024-04-12 08:28:31,796 127.0.0.1 - - [12/Apr/2024 08:28:31] "GET / HTTP/1.1" 200 -
2024-04-12 08:28:31,824 127.0.0.1 - - [12/Apr/2024 08:28:31] "[36mGET /static/img/默认头像.jpg HTTP/1.1[0m" 304 -
2024-04-12 08:29:55,466 127.0.0.1 - - [12/Apr/2024 08:29:55] "GET / HTTP/1.1" 200 -
2024-04-12 08:29:55,506 127.0.0.1 - - [12/Apr/2024 08:29:55] "[36mGET /static/img/默认头像.jpg HTTP/1.1[0m" 304 -
2024-04-12 08:43:43,613 127.0.0.1 - - [12/Apr/2024 08:43:43] "GET / HTTP/1.1" 200 -
2024-04-12 08:43:43,657 127.0.0.1 - - [12/Apr/2024 08:43:43] "GET /static/css/index.css HTTP/1.1" 200 -
2024-04-12 08:43:43,668 127.0.0.1 - - [12/Apr/2024 08:43:43] "[36mGET /static/img/默认头像.jpg HTTP/1.1[0m" 304 -
2024-04-12 08:44:59,446 127.0.0.1 - - [12/Apr/2024 08:44:59] "GET / HTTP/1.1" 200 -
2024-04-12 08:44:59,483 127.0.0.1 - - [12/Apr/2024 08:44:59] "[36mGET /static/css/index.css HTTP/1.1[0m" 304 -
2024-04-12 08:44:59,489 127.0.0.1 - - [12/Apr/2024 08:44:59] "[36mGET /static/img/默认头像.jpg HTTP/1.1[0m" 304 -
2024-04-12 08:46:15,642 127.0.0.1 - - [12/Apr/2024 08:46:15] "GET / HTTP/1.1" 200 -
2024-04-12 08:46:15,910 127.0.0.1 - - [12/Apr/2024 08:46:15] "[36mGET /static/css/index.css HTTP/1.1[0m" 304 -
2024-04-12 08:46:15,913 127.0.0.1 - - [12/Apr/2024 08:46:15] "[36mGET /static/img/默认头像.jpg HTTP/1.1[0m" 304 -
2024-04-12 08:48:52,127 127.0.0.1 - - [12/Apr/2024 08:48:52] "GET / HTTP/1.1" 200 -
2024-04-12 08:48:52,247 127.0.0.1 - - [12/Apr/2024 08:48:52] "GET /static/css/index.css HTTP/1.1" 200 -
2024-04-12 08:48:52,263 127.0.0.1 - - [12/Apr/2024 08:48:52] "GET /static/img/默认头像.jpg HTTP/1.1" 200 -
2024-04-12 08:48:53,628 127.0.0.1 - - [12/Apr/2024 08:48:53] "[33mGET /favicon.ico HTTP/1.1[0m" 404 -
2024-04-12 08:48:58,650 127.0.0.1 - - [12/Apr/2024 08:48:58] "[36mGET /static/css/index.css HTTP/1.1[0m" 304 -
2024-04-12 08:50:21,270 127.0.0.1 - - [12/Apr/2024 08:50:21] "GET / HTTP/1.1" 200 -
2024-04-12 08:50:21,721 127.0.0.1 - - [12/Apr/2024 08:50:21] "[36mGET /static/css/index.css HTTP/1.1[0m" 304 -
2024-04-12 08:50:21,722 127.0.0.1 - - [12/Apr/2024 08:50:21] "[36mGET /static/img/默认头像.jpg HTTP/1.1[0m" 304 -
2024-04-12 08:51:49,085 127.0.0.1 - - [12/Apr/2024 08:51:49] "GET / HTTP/1.1" 200 -
2024-04-12 08:51:49,132 127.0.0.1 - - [12/Apr/2024 08:51:49] "[36mGET /static/css/index.css HTTP/1.1[0m" 304 -
2024-04-12 08:51:49,133 127.0.0.1 - - [12/Apr/2024 08:51:49] "[36mGET /static/img/默认头像.jpg HTTP/1.1[0m" 304 -
2024-04-12 08:52:33,113 127.0.0.1 - - [12/Apr/2024 08:52:33] "GET / HTTP/1.1" 200 -
2024-04-12 08:52:33,148 127.0.0.1 - - [12/Apr/2024 08:52:33] "[36mGET /static/css/index.css HTTP/1.1[0m" 304 -
2024-04-12 08:52:33,149 127.0.0.1 - - [12/Apr/2024 08:52:33] "[36mGET /static/img/默认头像.jpg HTTP/1.1[0m" 304 -
2024-04-12 08:52:43,590 127.0.0.1 - - [12/Apr/2024 08:52:43] "GET / HTTP/1.1" 200 -
2024-04-12 08:52:43,620 127.0.0.1 - - [12/Apr/2024 08:52:43] "[36mGET /static/css/index.css HTTP/1.1[0m" 304 -
2024-04-12 08:52:43,620 127.0.0.1 - - [12/Apr/2024 08:52:43] "[36mGET /static/img/默认头像.jpg HTTP/1.1[0m" 304 -
2024-04-12 08:53:36,497 127.0.0.1 - - [12/Apr/2024 08:53:36] "GET / HTTP/1.1" 200 -
2024-04-12 08:53:37,180 127.0.0.1 - - [12/Apr/2024 08:53:37] "[36mGET /static/css/index.css HTTP/1.1[0m" 304 -
2024-04-12 08:53:37,186 127.0.0.1 - - [12/Apr/2024 08:53:37] "[36mGET /static/img/默认头像.jpg HTTP/1.1[0m" 304 -
2024-04-12 08:54:45,637 127.0.0.1 - - [12/Apr/2024 08:54:45] "GET / HTTP/1.1" 200 -
2024-04-12 08:54:45,695 127.0.0.1 - - [12/Apr/2024 08:54:45] "[36mGET /static/css/index.css HTTP/1.1[0m" 304 -
2024-04-12 08:54:45,700 127.0.0.1 - - [12/Apr/2024 08:54:45] "[36mGET /static/img/默认头像.jpg HTTP/1.1[0m" 304 -
2024-04-12 08:57:15,703 127.0.0.1 - - [12/Apr/2024 08:57:15] "GET / HTTP/1.1" 200 -
2024-04-12 08:57:15,736 127.0.0.1 - - [12/Apr/2024 08:57:15] "GET /static/css/all_css.css HTTP/1.1" 200 -
2024-04-12 08:57:15,740 127.0.0.1 - - [12/Apr/2024 08:57:15] "[36mGET /static/img/默认头像.jpg HTTP/1.1[0m" 304 -
2024-04-12 08:57:15,741 127.0.0.1 - - [12/Apr/2024 08:57:15] "GET /static/css/index.css HTTP/1.1" 200 -
2024-04-12 09:01:20,170 127.0.0.1 - - [12/Apr/2024 09:01:20] "GET / HTTP/1.1" 200 -
2024-04-12 09:01:20,196 127.0.0.1 - - [12/Apr/2024 09:01:20] "[36mGET /static/css/all_css.css HTTP/1.1[0m" 304 -
2024-04-12 09:01:20,199 127.0.0.1 - - [12/Apr/2024 09:01:20] "GET /static/css/index.css HTTP/1.1" 200 -
2024-04-12 09:02:49,311 127.0.0.1 - - [12/Apr/2024 09:02:49] "GET / HTTP/1.1" 200 -
2024-04-12 09:02:49,349 127.0.0.1 - - [12/Apr/2024 09:02:49] "[36mGET /static/css/all_css.css HTTP/1.1[0m" 304 -
2024-04-12 09:02:49,354 127.0.0.1 - - [12/Apr/2024 09:02:49] "[36mGET /static/css/index.css HTTP/1.1[0m" 304 -
2024-04-12 09:06:11,994 127.0.0.1 - - [12/Apr/2024 09:06:11] "GET / HTTP/1.1" 200 -
2024-04-12 09:06:12,015 127.0.0.1 - - [12/Apr/2024 09:06:12] "[36mGET /static/css/all_css.css HTTP/1.1[0m" 304 -
2024-04-12 09:06:12,017 127.0.0.1 - - [12/Apr/2024 09:06:12] "[36mGET /static/css/index.css HTTP/1.1[0m" 304 -
2024-04-12 09:06:12,021 127.0.0.1 - - [12/Apr/2024 09:06:12] "GET /static/js/all_.js HTTP/1.1" 200 -
2024-04-12 09:06:55,890 127.0.0.1 - - [12/Apr/2024 09:06:55] "GET / HTTP/1.1" 200 -
2024-04-12 09:06:55,919 127.0.0.1 - - [12/Apr/2024 09:06:55] "[36mGET /static/css/all_css.css HTTP/1.1[0m" 304 -
2024-04-12 09:06:55,922 127.0.0.1 - - [12/Apr/2024 09:06:55] "[36mGET /static/css/index.css HTTP/1.1[0m" 304 -
2024-04-12 09:06:55,928 127.0.0.1 - - [12/Apr/2024 09:06:55] "[36mGET /static/js/all_.js HTTP/1.1[0m" 304 -
2024-04-12 09:08:11,931 127.0.0.1 - - [12/Apr/2024 09:08:11] "GET / HTTP/1.1" 200 -
2024-04-12 09:08:11,983 127.0.0.1 - - [12/Apr/2024 09:08:11] "[36mGET /static/css/all_css.css HTTP/1.1[0m" 304 -
2024-04-12 09:08:12,000 127.0.0.1 - - [12/Apr/2024 09:08:11] "[36mGET /static/js/all_.js HTTP/1.1[0m" 304 -
2024-04-12 09:08:12,000 127.0.0.1 - - [12/Apr/2024 09:08:12] "[36mGET /static/css/index.css HTTP/1.1[0m" 304 -
2024-04-12 09:08:53,648 127.0.0.1 - - [12/Apr/2024 09:08:53] "GET / HTTP/1.1" 200 -
2024-04-12 09:08:53,674 127.0.0.1 - - [12/Apr/2024 09:08:53] "[36mGET /static/css/all_css.css HTTP/1.1[0m" 304 -
2024-04-12 09:08:53,683 127.0.0.1 - - [12/Apr/2024 09:08:53] "[36mGET /static/css/index.css HTTP/1.1[0m" 304 -
2024-04-12 09:08:53,695 127.0.0.1 - - [12/Apr/2024 09:08:53] "[36mGET /static/js/all_.js HTTP/1.1[0m" 304 -
2024-04-12 09:09:13,677 127.0.0.1 - - [12/Apr/2024 09:09:13] "GET / HTTP/1.1" 200 -
2024-04-12 09:09:13,709 127.0.0.1 - - [12/Apr/2024 09:09:13] "[36mGET /static/css/all_css.css HTTP/1.1[0m" 304 -
2024-04-12 09:09:13,710 127.0.0.1 - - [12/Apr/2024 09:09:13] "[36mGET /static/css/index.css HTTP/1.1[0m" 304 -
2024-04-12 09:09:13,712 127.0.0.1 - - [12/Apr/2024 09:09:13] "[36mGET /static/img/默认头像.jpg HTTP/1.1[0m" 304 -
2024-04-12 09:09:13,715 127.0.0.1 - - [12/Apr/2024 09:09:13] "[36mGET /static/js/all_.js HTTP/1.1[0m" 304 -
2024-04-12 09:21:58,004 127.0.0.1 - - [12/Apr/2024 09:21:58] "GET / HTTP/1.1" 200 -
2024-04-12 09:21:58,072 127.0.0.1 - - [12/Apr/2024 09:21:58] "GET /static/css/all_css.css HTTP/1.1" 200 -
2024-04-12 09:21:58,076 127.0.0.1 - - [12/Apr/2024 09:21:58] "GET /static/css/index.css HTTP/1.1" 200 -
2024-04-12 09:21:58,081 127.0.0.1 - - [12/Apr/2024 09:21:58] "[36mGET /static/img/默认头像.jpg HTTP/1.1[0m" 304 -
2024-04-12 09:21:58,081 127.0.0.1 - - [12/Apr/2024 09:21:58] "GET /static/js/all_.js HTTP/1.1" 200 -
2024-04-12 09:26:52,362 127.0.0.1 - - [12/Apr/2024 09:26:52] "GET / HTTP/1.1" 200 -
2024-04-12 09:26:52,430 127.0.0.1 - - [12/Apr/2024 09:26:52] "[36mGET /static/css/all_css.css HTTP/1.1[0m" 304 -
2024-04-12 09:26:52,432 127.0.0.1 - - [12/Apr/2024 09:26:52] "[36mGET /static/css/index.css HTTP/1.1[0m" 304 -
2024-04-12 09:26:52,445 127.0.0.1 - - [12/Apr/2024 09:26:52] "[36mGET /static/js/all_.js HTTP/1.1[0m" 304 -
2024-04-12 09:29:11,295 127.0.0.1 - - [12/Apr/2024 09:29:11] "GET / HTTP/1.1" 200 -
2024-04-12 09:29:11,395 127.0.0.1 - - [12/Apr/2024 09:29:11] "[36mGET /static/css/all_css.css HTTP/1.1[0m" 304 -
2024-04-12 09:29:11,411 127.0.0.1 - - [12/Apr/2024 09:29:11] "[36mGET /static/css/index.css HTTP/1.1[0m" 304 -
2024-04-12 09:29:11,422 127.0.0.1 - - [12/Apr/2024 09:29:11] "[36mGET /static/js/all_.js HTTP/1.1[0m" 304 -
2024-04-12 09:30:27,559 127.0.0.1 - - [12/Apr/2024 09:30:27] "GET / HTTP/1.1" 200 -
2024-04-12 09:30:27,678 127.0.0.1 - - [12/Apr/2024 09:30:27] "[36mGET /static/css/all_css.css HTTP/1.1[0m" 304 -
2024-04-12 09:30:27,775 127.0.0.1 - - [12/Apr/2024 09:30:27] "[36mGET /static/img/默认头像.jpg HTTP/1.1[0m" 304 -
2024-04-12 09:30:27,795 127.0.0.1 - - [12/Apr/2024 09:30:27] "[36mGET /static/css/index.css HTTP/1.1[0m" 304 -
2024-04-12 09:30:27,796 127.0.0.1 - - [12/Apr/2024 09:30:27] "[36mGET /static/js/all_.js HTTP/1.1[0m" 304 -
2024-04-12 09:30:41,900 127.0.0.1 - - [12/Apr/2024 09:30:41] "GET / HTTP/1.1" 200 -
2024-04-12 09:30:41,963 127.0.0.1 - - [12/Apr/2024 09:30:41] "[36mGET /static/css/all_css.css HTTP/1.1[0m" 304 -
2024-04-12 09:30:41,972 127.0.0.1 - - [12/Apr/2024 09:30:41] "[36mGET /static/css/index.css HTTP/1.1[0m" 304 -
2024-04-12 09:30:41,974 127.0.0.1 - - [12/Apr/2024 09:30:41] "[36mGET /static/js/all_.js HTTP/1.1[0m" 304 -
2024-04-12 09:30:41,976 127.0.0.1 - - [12/Apr/2024 09:30:41] "[36mGET /static/img/默认头像.jpg HTTP/1.1[0m" 304 -
2024-04-12 09:30:51,179 127.0.0.1 - - [12/Apr/2024 09:30:51] "GET / HTTP/1.1" 200 -
2024-04-12 09:30:51,256 127.0.0.1 - - [12/Apr/2024 09:30:51] "[36mGET /static/css/all_css.css HTTP/1.1[0m" 304 -
2024-04-12 09:30:51,263 127.0.0.1 - - [12/Apr/2024 09:30:51] "[36mGET /static/js/all_.js HTTP/1.1[0m" 304 -
2024-04-12 09:30:51,264 127.0.0.1 - - [12/Apr/2024 09:30:51] "[36mGET /static/css/index.css HTTP/1.1[0m" 304 -
2024-04-12 09:32:33,940 127.0.0.1 - - [12/Apr/2024 09:32:33] "GET / HTTP/1.1" 200 -
2024-04-12 09:32:34,013 127.0.0.1 - - [12/Apr/2024 09:32:34] "[36mGET /static/css/all_css.css HTTP/1.1[0m" 304 -
2024-04-12 09:32:34,026 127.0.0.1 - - [12/Apr/2024 09:32:34] "[36mGET /static/css/index.css HTTP/1.1[0m" 304 -
2024-04-12 09:32:34,027 127.0.0.1 - - [12/Apr/2024 09:32:34] "[36mGET /static/img/默认头像.jpg HTTP/1.1[0m" 304 -
2024-04-12 09:32:34,029 127.0.0.1 - - [12/Apr/2024 09:32:34] "[36mGET /static/js/all_.js HTTP/1.1[0m" 304 -
2024-04-12 09:32:56,222 127.0.0.1 - - [12/Apr/2024 09:32:56] "GET / HTTP/1.1" 200 -
2024-04-12 09:32:56,273 127.0.0.1 - - [12/Apr/2024 09:32:56] "[36mGET /static/css/all_css.css HTTP/1.1[0m" 304 -
2024-04-12 09:32:56,277 127.0.0.1 - - [12/Apr/2024 09:32:56] "[36mGET /static/css/index.css HTTP/1.1[0m" 304 -
2024-04-12 09:32:56,279 127.0.0.1 - - [12/Apr/2024 09:32:56] "[36mGET /static/img/默认头像.jpg HTTP/1.1[0m" 304 -
2024-04-12 09:32:56,282 127.0.0.1 - - [12/Apr/2024 09:32:56] "[36mGET /static/js/all_.js HTTP/1.1[0m" 304 -
2024-04-12 09:33:16,084 127.0.0.1 - - [12/Apr/2024 09:33:16] "GET / HTTP/1.1" 200 -
2024-04-12 09:33:16,155 127.0.0.1 - - [12/Apr/2024 09:33:16] "[36mGET /static/css/all_css.css HTTP/1.1[0m" 304 -
2024-04-12 09:33:16,160 127.0.0.1 - - [12/Apr/2024 09:33:16] "[36mGET /static/css/index.css HTTP/1.1[0m" 304 -
2024-04-12 09:33:16,171 127.0.0.1 - - [12/Apr/2024 09:33:16] "[36mGET /static/img/默认头像.jpg HTTP/1.1[0m" 304 -
2024-04-12 09:33:16,172 127.0.0.1 - - [12/Apr/2024 09:33:16] "[36mGET /static/js/all_.js HTTP/1.1[0m" 304 -
2024-04-12 09:35:16,700 127.0.0.1 - - [12/Apr/2024 09:35:16] "GET / HTTP/1.1" 200 -
2024-04-12 09:35:16,750 127.0.0.1 - - [12/Apr/2024 09:35:16] "[36mGET /static/css/all_css.css HTTP/1.1[0m" 304 -
2024-04-12 09:35:16,759 127.0.0.1 - - [12/Apr/2024 09:35:16] "[36mGET /static/css/index.css HTTP/1.1[0m" 304 -
2024-04-12 09:35:16,760 127.0.0.1 - - [12/Apr/2024 09:35:16] "[36mGET /static/img/默认头像.jpg HTTP/1.1[0m" 304 -
2024-04-12 09:35:16,764 127.0.0.1 - - [12/Apr/2024 09:35:16] "[36mGET /static/js/all_.js HTTP/1.1[0m" 304 -
2024-04-12 09:36:24,631 127.0.0.1 - - [12/Apr/2024 09:36:24] "GET / HTTP/1.1" 200 -
2024-04-12 09:36:24,704 127.0.0.1 - - [12/Apr/2024 09:36:24] "[36mGET /static/css/all_css.css HTTP/1.1[0m" 304 -
2024-04-12 09:36:24,712 127.0.0.1 - - [12/Apr/2024 09:36:24] "[36mGET /static/js/all_.js HTTP/1.1[0m" 304 -
2024-04-12 09:36:24,713 127.0.0.1 - - [12/Apr/2024 09:36:24] "[36mGET /static/css/index.css HTTP/1.1[0m" 304 -
2024-04-12 09:36:24,716 127.0.0.1 - - [12/Apr/2024 09:36:24] "[36mGET /static/img/默认头像.jpg HTTP/1.1[0m" 304 -
2024-04-12 09:37:12,980 127.0.0.1 - - [12/Apr/2024 09:37:12] "GET / HTTP/1.1" 200 -
2024-04-12 09:37:13,006 127.0.0.1 - - [12/Apr/2024 09:37:13] "GET /static/css/all_css.css HTTP/1.1" 200 -
2024-04-12 09:37:13,009 127.0.0.1 - - [12/Apr/2024 09:37:13] "[36mGET /static/css/index.css HTTP/1.1[0m" 304 -
2024-04-12 09:37:13,010 127.0.0.1 - - [12/Apr/2024 09:37:13] "[36mGET /static/img/默认头像.jpg HTTP/1.1[0m" 304 -
2024-04-12 09:37:13,012 127.0.0.1 - - [12/Apr/2024 09:37:13] "[36mGET /static/js/all_.js HTTP/1.1[0m" 304 -
2024-04-12 09:38:42,310 127.0.0.1 - - [12/Apr/2024 09:38:42] "GET / HTTP/1.1" 200 -
2024-04-12 09:38:42,331 127.0.0.1 - - [12/Apr/2024 09:38:42] "[36mGET /static/css/all_css.css HTTP/1.1[0m" 304 -
2024-04-12 09:38:42,338 127.0.0.1 - - [12/Apr/2024 09:38:42] "[36mGET /static/css/index.css HTTP/1.1[0m" 304 -
2024-04-12 09:38:42,342 127.0.0.1 - - [12/Apr/2024 09:38:42] "[36mGET /static/img/默认头像.jpg HTTP/1.1[0m" 304 -
2024-04-12 09:38:42,351 127.0.0.1 - - [12/Apr/2024 09:38:42] "[36mGET /static/js/all_.js HTTP/1.1[0m" 304 -
2024-04-12 09:39:16,827 127.0.0.1 - - [12/Apr/2024 09:39:16] "GET / HTTP/1.1" 200 -
2024-04-12 09:39:16,847 127.0.0.1 - - [12/Apr/2024 09:39:16] "[36mGET /static/css/all_css.css HTTP/1.1[0m" 304 -
2024-04-12 09:39:16,850 127.0.0.1 - - [12/Apr/2024 09:39:16] "[36mGET /static/css/index.css HTTP/1.1[0m" 304 -
2024-04-12 09:39:16,853 127.0.0.1 - - [12/Apr/2024 09:39:16] "[36mGET /static/img/默认头像.jpg HTTP/1.1[0m" 304 -
2024-04-12 09:39:16,859 127.0.0.1 - - [12/Apr/2024 09:39:16] "[36mGET /static/js/all_.js HTTP/1.1[0m" 304 -
2024-04-12 09:41:28,922 127.0.0.1 - - [12/Apr/2024 09:41:28] "GET / HTTP/1.1" 200 -
2024-04-12 09:41:28,954 127.0.0.1 - - [12/Apr/2024 09:41:28] "[36mGET /static/css/all_css.css HTTP/1.1[0m" 304 -
2024-04-12 09:41:28,957 127.0.0.1 - - [12/Apr/2024 09:41:28] "[36mGET /static/css/index.css HTTP/1.1[0m" 304 -
2024-04-12 09:41:28,959 127.0.0.1 - - [12/Apr/2024 09:41:28] "[36mGET /static/img/默认头像.jpg HTTP/1.1[0m" 304 -
2024-04-12 09:41:28,971 127.0.0.1 - - [12/Apr/2024 09:41:28] "[36mGET /static/js/all_.js HTTP/1.1[0m" 304 -
2024-04-12 09:42:44,538 127.0.0.1 - - [12/Apr/2024 09:42:44] "GET / HTTP/1.1" 200 -
2024-04-12 09:42:44,576 127.0.0.1 - - [12/Apr/2024 09:42:44] "[36mGET /static/css/all_css.css HTTP/1.1[0m" 304 -
2024-04-12 09:42:44,578 127.0.0.1 - - [12/Apr/2024 09:42:44] "[36mGET /static/css/index.css HTTP/1.1[0m" 304 -
2024-04-12 09:42:44,580 127.0.0.1 - - [12/Apr/2024 09:42:44] "[36mGET /static/img/默认头像.jpg HTTP/1.1[0m" 304 -
2024-04-12 09:42:44,587 127.0.0.1 - - [12/Apr/2024 09:42:44] "[36mGET /static/js/all_.js HTTP/1.1[0m" 304 -
2024-04-12 09:44:04,900 127.0.0.1 - - [12/Apr/2024 09:44:04] "GET / HTTP/1.1" 200 -
2024-04-12 09:44:04,929 127.0.0.1 - - [12/Apr/2024 09:44:04] "[36mGET /static/css/all_css.css HTTP/1.1[0m" 304 -
2024-04-12 09:44:04,931 127.0.0.1 - - [12/Apr/2024 09:44:04] "[36mGET /static/css/index.css HTTP/1.1[0m" 304 -
2024-04-12 09:44:04,932 127.0.0.1 - - [12/Apr/2024 09:44:04] "[36mGET /static/img/默认头像.jpg HTTP/1.1[0m" 304 -
2024-04-12 09:44:04,944 127.0.0.1 - - [12/Apr/2024 09:44:04] "[36mGET /static/js/all_.js HTTP/1.1[0m" 304 -
2024-04-12 09:44:57,681 127.0.0.1 - - [12/Apr/2024 09:44:57] "GET / HTTP/1.1" 200 -
2024-04-12 09:44:57,712 127.0.0.1 - - [12/Apr/2024 09:44:57] "[36mGET /static/css/all_css.css HTTP/1.1[0m" 304 -
2024-04-12 09:44:57,713 127.0.0.1 - - [12/Apr/2024 09:44:57] "[36mGET /static/css/index.css HTTP/1.1[0m" 304 -
2024-04-12 09:44:57,715 127.0.0.1 - - [12/Apr/2024 09:44:57] "[36mGET /static/img/默认头像.jpg HTTP/1.1[0m" 304 -
2024-04-12 09:44:57,719 127.0.0.1 - - [12/Apr/2024 09:44:57] "[36mGET /static/js/all_.js HTTP/1.1[0m" 304 -
2024-04-12 09:45:30,913 127.0.0.1 - - [12/Apr/2024 09:45:30] "[32mGET /logout HTTP/1.1[0m" 302 -
2024-04-12 09:45:30,920 127.0.0.1 - - [12/Apr/2024 09:45:30] "GET / HTTP/1.1" 200 -
2024-04-12 09:45:30,949 127.0.0.1 - - [12/Apr/2024 09:45:30] "[36mGET /static/css/index.css HTTP/1.1[0m" 304 -
2024-04-12 09:45:30,949 127.0.0.1 - - [12/Apr/2024 09:45:30] "[36mGET /static/css/all_css.css HTTP/1.1[0m" 304 -
2024-04-12 09:45:30,951 127.0.0.1 - - [12/Apr/2024 09:45:30] "[36mGET /static/img/默认头像.jpg HTTP/1.1[0m" 304 -
2024-04-12 09:45:30,956 127.0.0.1 - - [12/Apr/2024 09:45:30] "[36mGET /static/js/all_.js HTTP/1.1[0m" 304 -
2024-04-12 09:45:55,421 127.0.0.1 - - [12/Apr/2024 09:45:55] "GET / HTTP/1.1" 200 -
2024-04-12 09:45:55,444 127.0.0.1 - - [12/Apr/2024 09:45:55] "[36mGET /static/css/all_css.css HTTP/1.1[0m" 304 -
2024-04-12 09:45:55,446 127.0.0.1 - - [12/Apr/2024 09:45:55] "[36mGET /static/css/index.css HTTP/1.1[0m" 304 -
2024-04-12 09:45:55,449 127.0.0.1 - - [12/Apr/2024 09:45:55] "[36mGET /static/img/默认头像.jpg HTTP/1.1[0m" 304 -
2024-04-12 09:45:55,457 127.0.0.1 - - [12/Apr/2024 09:45:55] "[36mGET /static/js/all_.js HTTP/1.1[0m" 304 -
2024-04-12 09:45:58,049 127.0.0.1 - - [12/Apr/2024 09:45:58] "GET /login HTTP/1.1" 200 -
2024-04-12 09:46:04,556 127.0.0.1 - - [12/Apr/2024 09:46:04] "[32mPOST /login HTTP/1.1[0m" 302 -
2024-04-12 09:46:04,565 127.0.0.1 - - [12/Apr/2024 09:46:04] "GET / HTTP/1.1" 200 -
2024-04-12 09:46:04,608 127.0.0.1 - - [12/Apr/2024 09:46:04] "[36mGET /static/css/all_css.css HTTP/1.1[0m" 304 -
2024-04-12 09:46:04,608 127.0.0.1 - - [12/Apr/2024 09:46:04] "[36mGET /static/css/index.css HTTP/1.1[0m" 304 -
2024-04-12 09:46:04,610 127.0.0.1 - - [12/Apr/2024 09:46:04] "[36mGET /static/img/默认头像.jpg HTTP/1.1[0m" 304 -
2024-04-12 09:46:04,618 127.0.0.1 - - [12/Apr/2024 09:46:04] "[36mGET /static/js/all_.js HTTP/1.1[0m" 304 -
2024-04-12 09:48:00,123 127.0.0.1 - - [12/Apr/2024 09:48:00] "[32mGET /logout HTTP/1.1[0m" 302 -
2024-04-12 09:48:00,138 127.0.0.1 - - [12/Apr/2024 09:48:00] "GET / HTTP/1.1" 200 -
2024-04-12 09:48:00,168 127.0.0.1 - - [12/Apr/2024 09:48:00] "[36mGET /static/css/index.css HTTP/1.1[0m" 304 -
2024-04-12 09:48:00,168 127.0.0.1 - - [12/Apr/2024 09:48:00] "[36mGET /static/css/all_css.css HTTP/1.1[0m" 304 -
2024-04-12 09:48:00,170 127.0.0.1 - - [12/Apr/2024 09:48:00] "[36mGET /static/img/默认头像.jpg HTTP/1.1[0m" 304 -
2024-04-12 09:48:00,174 127.0.0.1 - - [12/Apr/2024 09:48:00] "[36mGET /static/js/all_.js HTTP/1.1[0m" 304 -
2024-04-12 09:48:02,146 127.0.0.1 - - [12/Apr/2024 09:48:02] "GET /login HTTP/1.1" 200 -
2024-04-12 09:48:07,263 127.0.0.1 - - [12/Apr/2024 09:48:07] "[32mPOST /login HTTP/1.1[0m" 302 -
2024-04-12 09:48:07,271 127.0.0.1 - - [12/Apr/2024 09:48:07] "GET / HTTP/1.1" 200 -
2024-04-12 09:48:07,311 127.0.0.1 - - [12/Apr/2024 09:48:07] "[36mGET /static/css/all_css.css HTTP/1.1[0m" 304 -
2024-04-12 09:48:07,313 127.0.0.1 - - [12/Apr/2024 09:48:07] "[36mGET /static/css/index.css HTTP/1.1[0m" 304 -
2024-04-12 09:48:07,316 127.0.0.1 - - [12/Apr/2024 09:48:07] "[36mGET /static/img/默认头像.jpg HTTP/1.1[0m" 304 -
2024-04-12 09:48:07,318 127.0.0.1 - - [12/Apr/2024 09:48:07] "[36mGET /static/js/all_.js HTTP/1.1[0m" 304 -
2024-04-12 09:52:53,433 127.0.0.1 - - [12/Apr/2024 09:52:53] "GET / HTTP/1.1" 200 -
2024-04-12 09:52:53,468 127.0.0.1 - - [12/Apr/2024 09:52:53] "[36mGET /static/css/all_css.css HTTP/1.1[0m" 304 -
2024-04-12 09:52:53,471 127.0.0.1 - - [12/Apr/2024 09:52:53] "[36mGET /static/css/index.css HTTP/1.1[0m" 304 -
2024-04-12 09:52:53,474 127.0.0.1 - - [12/Apr/2024 09:52:53] "[36mGET /static/js/all_.js HTTP/1.1[0m" 304 -
2024-04-12 09:53:05,886 127.0.0.1 - - [12/Apr/2024 09:53:05] "GET / HTTP/1.1" 200 -
2024-04-12 09:53:05,919 127.0.0.1 - - [12/Apr/2024 09:53:05] "[36mGET /static/css/all_css.css HTTP/1.1[0m" 304 -
2024-04-12 09:53:05,944 127.0.0.1 - - [12/Apr/2024 09:53:05] "[36mGET /static/img/默认头像.jpg HTTP/1.1[0m" 304 -
2024-04-12 09:53:05,953 127.0.0.1 - - [12/Apr/2024 09:53:05] "[36mGET /static/css/index.css HTTP/1.1[0m" 304 -
2024-04-12 09:53:05,972 127.0.0.1 - - [12/Apr/2024 09:53:05] "[36mGET /static/js/all_.js HTTP/1.1[0m" 304 -
2024-04-12 09:53:09,255 127.0.0.1 - - [12/Apr/2024 09:53:09] "GET / HTTP/1.1" 200 -
2024-04-12 09:53:09,280 127.0.0.1 - - [12/Apr/2024 09:53:09] "[36mGET /static/css/all_css.css HTTP/1.1[0m" 304 -
2024-04-12 09:53:09,281 127.0.0.1 - - [12/Apr/2024 09:53:09] "[36mGET /static/css/index.css HTTP/1.1[0m" 304 -
2024-04-12 09:53:09,282 127.0.0.1 - - [12/Apr/2024 09:53:09] "[36mGET /static/img/默认头像.jpg HTTP/1.1[0m" 304 -
2024-04-12 09:53:09,289 127.0.0.1 - - [12/Apr/2024 09:53:09] "[36mGET /static/js/all_.js HTTP/1.1[0m" 304 -
2024-04-12 09:54:21,847 127.0.0.1 - - [12/Apr/2024 09:54:21] "GET / HTTP/1.1" 200 -
2024-04-12 09:54:21,867 127.0.0.1 - - [12/Apr/2024 09:54:21] "[36mGET /static/css/all_css.css HTTP/1.1[0m" 304 -
2024-04-12 09:54:21,874 127.0.0.1 - - [12/Apr/2024 09:54:21] "[36mGET /static/css/index.css HTTP/1.1[0m" 304 -
2024-04-12 09:54:21,878 127.0.0.1 - - [12/Apr/2024 09:54:21] "[36mGET /static/img/默认头像.jpg HTTP/1.1[0m" 304 -
2024-04-12 09:54:21,879 127.0.0.1 - - [12/Apr/2024 09:54:21] "[36mGET /static/js/all_.js HTTP/1.1[0m" 304 -
2024-04-12 09:55:31,279 127.0.0.1 - - [12/Apr/2024 09:55:31] "GET / HTTP/1.1" 200 -
2024-04-12 09:55:31,343 127.0.0.1 - - [12/Apr/2024 09:55:31] "GET /static/css/all_css.css HTTP/1.1" 200 -
2024-04-12 09:55:31,348 127.0.0.1 - - [12/Apr/2024 09:55:31] "[36mGET /static/css/index.css HTTP/1.1[0m" 304 -
2024-04-12 09:55:31,354 127.0.0.1 - - [12/Apr/2024 09:55:31] "[36mGET /static/img/默认头像.jpg HTTP/1.1[0m" 304 -
2024-04-12 09:55:31,360 127.0.0.1 - - [12/Apr/2024 09:55:31] "[36mGET /static/js/all_.js HTTP/1.1[0m" 304 -
2024-04-12 09:55:56,575 127.0.0.1 - - [12/Apr/2024 09:55:56] "GET / HTTP/1.1" 200 -
2024-04-12 09:55:56,628 127.0.0.1 - - [12/Apr/2024 09:55:56] "[36mGET /static/css/all_css.css HTTP/1.1[0m" 304 -
2024-04-12 09:55:56,630 127.0.0.1 - - [12/Apr/2024 09:55:56] "[36mGET /static/css/index.css HTTP/1.1[0m" 304 -
2024-04-12 09:55:56,632 127.0.0.1 - - [12/Apr/2024 09:55:56] "[36mGET /static/img/默认头像.jpg HTTP/1.1[0m" 304 -
2024-04-12 09:55:56,640 127.0.0.1 - - [12/Apr/2024 09:55:56] "[36mGET /static/js/all_.js HTTP/1.1[0m" 304 -
2024-04-12 09:56:55,842 127.0.0.1 - - [12/Apr/2024 09:56:55] "GET / HTTP/1.1" 200 -
2024-04-12 09:56:55,912 127.0.0.1 - - [12/Apr/2024 09:56:55] "[36mGET /static/css/all_css.css HTTP/1.1[0m" 304 -
2024-04-12 09:56:55,925 127.0.0.1 - - [12/Apr/2024 09:56:55] "[36mGET /static/css/index.css HTTP/1.1[0m" 304 -
2024-04-12 09:56:55,927 127.0.0.1 - - [12/Apr/2024 09:56:55] "[36mGET /static/img/默认头像.jpg HTTP/1.1[0m" 304 -
2024-04-12 09:56:55,928 127.0.0.1 - - [12/Apr/2024 09:56:55] "[36mGET /static/js/all_.js HTTP/1.1[0m" 304 -
2024-04-12 09:57:22,047 127.0.0.1 - - [12/Apr/2024 09:57:22] "GET / HTTP/1.1" 200 -
2024-04-12 09:57:22,118 127.0.0.1 - - [12/Apr/2024 09:57:22] "[36mGET /static/css/all_css.css HTTP/1.1[0m" 304 -
2024-04-12 09:57:22,121 127.0.0.1 - - [12/Apr/2024 09:57:22] "[36mGET /static/css/index.css HTTP/1.1[0m" 304 -
2024-04-12 09:57:22,124 127.0.0.1 - - [12/Apr/2024 09:57:22] "[36mGET /static/img/默认头像.jpg HTTP/1.1[0m" 304 -
2024-04-12 09:57:22,130 127.0.0.1 - - [12/Apr/2024 09:57:22] "[36mGET /static/js/all_.js HTTP/1.1[0m" 304 -
2024-04-12 09:57:32,182 127.0.0.1 - - [12/Apr/2024 09:57:32] "GET / HTTP/1.1" 200 -
2024-04-12 09:57:32,230 127.0.0.1 - - [12/Apr/2024 09:57:32] "[36mGET /static/css/all_css.css HTTP/1.1[0m" 304 -
2024-04-12 09:57:32,234 127.0.0.1 - - [12/Apr/2024 09:57:32] "[36mGET /static/css/index.css HTTP/1.1[0m" 304 -
2024-04-12 09:57:32,236 127.0.0.1 - - [12/Apr/2024 09:57:32] "[36mGET /static/img/默认头像.jpg HTTP/1.1[0m" 304 -
2024-04-12 09:57:32,244 127.0.0.1 - - [12/Apr/2024 09:57:32] "[36mGET /static/js/all_.js HTTP/1.1[0m" 304 -
2024-04-12 09:59:00,804 127.0.0.1 - - [12/Apr/2024 09:59:00] "GET / HTTP/1.1" 200 -
2024-04-12 09:59:00,870 127.0.0.1 - - [12/Apr/2024 09:59:00] "[36mGET /static/css/all_css.css HTTP/1.1[0m" 304 -
2024-04-12 09:59:00,873 127.0.0.1 - - [12/Apr/2024 09:59:00] "[36mGET /static/css/index.css HTTP/1.1[0m" 304 -
2024-04-12 09:59:00,876 127.0.0.1 - - [12/Apr/2024 09:59:00] "[36mGET /static/img/默认头像.jpg HTTP/1.1[0m" 304 -
2024-04-12 09:59:00,940 127.0.0.1 - - [12/Apr/2024 09:59:00] "[36mGET /static/js/all_.js HTTP/1.1[0m" 304 -
2024-04-12 09:59:29,061 127.0.0.1 - - [12/Apr/2024 09:59:29] "GET / HTTP/1.1" 200 -
2024-04-12 09:59:29,119 127.0.0.1 - - [12/Apr/2024 09:59:29] "[36mGET /static/css/all_css.css HTTP/1.1[0m" 304 -
2024-04-12 09:59:29,123 127.0.0.1 - - [12/Apr/2024 09:59:29] "[36mGET /static/css/index.css HTTP/1.1[0m" 304 -
2024-04-12 09:59:29,125 127.0.0.1 - - [12/Apr/2024 09:59:29] "[36mGET /static/img/默认头像.jpg HTTP/1.1[0m" 304 -
2024-04-12 09:59:29,135 127.0.0.1 - - [12/Apr/2024 09:59:29] "[36mGET /static/js/all_.js HTTP/1.1[0m" 304 -
2024-04-12 10:01:49,829 127.0.0.1 - - [12/Apr/2024 10:01:49] "GET / HTTP/1.1" 200 -
2024-04-12 10:01:49,890 127.0.0.1 - - [12/Apr/2024 10:01:49] "[36mGET /static/css/all_css.css HTTP/1.1[0m" 304 -
2024-04-12 10:01:49,899 127.0.0.1 - - [12/Apr/2024 10:01:49] "[36mGET /static/css/index.css HTTP/1.1[0m" 304 -
2024-04-12 10:01:49,902 127.0.0.1 - - [12/Apr/2024 10:01:49] "[36mGET /static/img/默认头像.jpg HTTP/1.1[0m" 304 -
2024-04-12 10:01:49,906 127.0.0.1 - - [12/Apr/2024 10:01:49] "[36mGET /static/js/all_.js HTTP/1.1[0m" 304 -
2024-04-12 10:07:45,661 127.0.0.1 - - [12/Apr/2024 10:07:45] "GET / HTTP/1.1" 200 -
2024-04-12 10:07:45,775 127.0.0.1 - - [12/Apr/2024 10:07:45] "[36mGET /static/css/all_css.css HTTP/1.1[0m" 304 -
2024-04-12 10:07:45,801 127.0.0.1 - - [12/Apr/2024 10:07:45] "[36mGET /static/css/index.css HTTP/1.1[0m" 304 -
2024-04-12 10:07:45,813 127.0.0.1 - - [12/Apr/2024 10:07:45] "[36mGET /static/img/默认头像.jpg HTTP/1.1[0m" 304 -
2024-04-12 10:07:45,834 127.0.0.1 - - [12/Apr/2024 10:07:45] "[36mGET /static/js/all_.js HTTP/1.1[0m" 304 -
2024-04-12 10:08:00,227 127.0.0.1 - - [12/Apr/2024 10:08:00] "GET /login HTTP/1.1" 200 -
2024-04-12 10:08:06,698 127.0.0.1 - - [12/Apr/2024 10:08:06] "[32mPOST /login HTTP/1.1[0m" 302 -
2024-04-12 10:08:06,712 127.0.0.1 - - [12/Apr/2024 10:08:06] "GET / HTTP/1.1" 200 -
2024-04-12 10:08:06,796 127.0.0.1 - - [12/Apr/2024 10:08:06] "[36mGET /static/css/all_css.css HTTP/1.1[0m" 304 -
2024-04-12 10:08:06,801 127.0.0.1 - - [12/Apr/2024 10:08:06] "[36mGET /static/css/index.css HTTP/1.1[0m" 304 -
2024-04-12 10:08:06,804 127.0.0.1 - - [12/Apr/2024 10:08:06] "[36mGET /static/js/all_.js HTTP/1.1[0m" 304 -
2024-04-12 10:08:06,806 127.0.0.1 - - [12/Apr/2024 10:08:06] "[36mGET /static/img/默认头像.jpg HTTP/1.1[0m" 304 -
2024-04-12 10:08:20,022 [31m[1mWARNING: This is a development server. Do not use it in a production deployment. Use a production WSGI server instead.[0m
 * Running on http://127.0.0.1:5000
2024-04-12 10:08:20,023 [33mPress CTRL+C to quit[0m
2024-04-12 10:08:20,030  * Restarting with stat
2024-04-12 10:08:21,052  * Debugger is active!
2024-04-12 10:08:21,061  * Debugger PIN: 139-171-276
2024-04-12 10:08:23,953 127.0.0.1 - - [12/Apr/2024 10:08:23] "GET / HTTP/1.1" 200 -
2024-04-12 10:08:23,956 127.0.0.1 - - [12/Apr/2024 10:08:23] "GET / HTTP/1.1" 200 -
2024-04-12 10:08:24,475 127.0.0.1 - - [12/Apr/2024 10:08:24] "[36mGET /static/js/all_.js HTTP/1.1[0m" 304 -
2024-04-12 10:08:24,479 127.0.0.1 - - [12/Apr/2024 10:08:24] "[36mGET /static/img/默认头像.jpg HTTP/1.1[0m" 304 -
2024-04-12 10:08:24,483 127.0.0.1 - - [12/Apr/2024 10:08:24] "[36mGET /static/js/all_.js HTTP/1.1[0m" 304 -
2024-04-12 10:08:24,488 127.0.0.1 - - [12/Apr/2024 10:08:24] "[36mGET /static/img/默认头像.jpg HTTP/1.1[0m" 304 -
2024-04-12 10:08:24,490 127.0.0.1 - - [12/Apr/2024 10:08:24] "[36mGET /static/css/index.css HTTP/1.1[0m" 304 -
2024-04-12 10:08:24,492 127.0.0.1 - - [12/Apr/2024 10:08:24] "[36mGET /static/css/all_css.css HTTP/1.1[0m" 304 -
2024-04-12 10:08:24,499 127.0.0.1 - - [12/Apr/2024 10:08:24] "[36mGET /static/css/index.css HTTP/1.1[0m" 304 -
2024-04-12 10:08:24,500 127.0.0.1 - - [12/Apr/2024 10:08:24] "[36mGET /static/css/all_css.css HTTP/1.1[0m" 304 -
2024-04-12 10:09:01,742 127.0.0.1 - - [12/Apr/2024 10:09:01] "GET / HTTP/1.1" 200 -
2024-04-12 10:09:01,765 127.0.0.1 - - [12/Apr/2024 10:09:01] "[36mGET /static/css/all_css.css HTTP/1.1[0m" 304 -
2024-04-12 10:09:01,767 127.0.0.1 - - [12/Apr/2024 10:09:01] "[36mGET /static/css/index.css HTTP/1.1[0m" 304 -
2024-04-12 10:09:01,769 127.0.0.1 - - [12/Apr/2024 10:09:01] "[36mGET /static/img/默认头像.jpg HTTP/1.1[0m" 304 -
2024-04-12 10:09:01,776 127.0.0.1 - - [12/Apr/2024 10:09:01] "[36mGET /static/js/all_.js HTTP/1.1[0m" 304 -
2024-04-12 10:09:20,894 127.0.0.1 - - [12/Apr/2024 10:09:20] "GET / HTTP/1.1" 200 -
2024-04-12 10:09:20,911 127.0.0.1 - - [12/Apr/2024 10:09:20] "[36mGET /static/css/all_css.css HTTP/1.1[0m" 304 -
2024-04-12 10:09:20,911 127.0.0.1 - - [12/Apr/2024 10:09:20] "[36mGET /static/css/index.css HTTP/1.1[0m" 304 -
2024-04-12 10:09:20,917 127.0.0.1 - - [12/Apr/2024 10:09:20] "[36mGET /static/img/默认头像.jpg HTTP/1.1[0m" 304 -
2024-04-12 10:09:20,918 127.0.0.1 - - [12/Apr/2024 10:09:20] "[36mGET /static/js/all_.js HTTP/1.1[0m" 304 -
2024-04-12 10:09:26,108 127.0.0.1 - - [12/Apr/2024 10:09:26] "[36mGET /static/css/all_css.css HTTP/1.1[0m" 304 -
2024-04-12 10:09:26,109 127.0.0.1 - - [12/Apr/2024 10:09:26] "[36mGET /static/css/index.css HTTP/1.1[0m" 304 -
2024-04-12 10:11:02,118 127.0.0.1 - - [12/Apr/2024 10:11:02] "GET / HTTP/1.1" 200 -
2024-04-12 10:11:02,141 127.0.0.1 - - [12/Apr/2024 10:11:02] "[36mGET /static/css/all_css.css HTTP/1.1[0m" 304 -
2024-04-12 10:11:02,144 127.0.0.1 - - [12/Apr/2024 10:11:02] "[36mGET /static/css/index.css HTTP/1.1[0m" 304 -
2024-04-12 10:11:02,146 127.0.0.1 - - [12/Apr/2024 10:11:02] "[36mGET /static/img/默认头像.jpg HTTP/1.1[0m" 304 -
2024-04-12 10:11:02,158 127.0.0.1 - - [12/Apr/2024 10:11:02] "[36mGET /static/js/all_.js HTTP/1.1[0m" 304 -
2024-04-12 10:11:39,269 127.0.0.1 - - [12/Apr/2024 10:11:39] "GET / HTTP/1.1" 200 -
2024-04-12 10:11:39,288 127.0.0.1 - - [12/Apr/2024 10:11:39] "[36mGET /static/css/all_css.css HTTP/1.1[0m" 304 -
2024-04-12 10:11:39,289 127.0.0.1 - - [12/Apr/2024 10:11:39] "[36mGET /static/css/index.css HTTP/1.1[0m" 304 -
2024-04-12 10:11:39,290 127.0.0.1 - - [12/Apr/2024 10:11:39] "[36mGET /static/img/默认头像.jpg HTTP/1.1[0m" 304 -
2024-04-12 10:11:39,298 127.0.0.1 - - [12/Apr/2024 10:11:39] "[36mGET /static/js/all_.js HTTP/1.1[0m" 304 -
2024-04-12 10:11:39,600 127.0.0.1 - - [12/Apr/2024 10:11:39] "GET / HTTP/1.1" 200 -
2024-04-12 10:11:39,627 127.0.0.1 - - [12/Apr/2024 10:11:39] "[36mGET /static/css/all_css.css HTTP/1.1[0m" 304 -
2024-04-12 10:11:39,630 127.0.0.1 - - [12/Apr/2024 10:11:39] "[36mGET /static/css/index.css HTTP/1.1[0m" 304 -
2024-04-12 10:11:39,631 127.0.0.1 - - [12/Apr/2024 10:11:39] "[36mGET /static/img/默认头像.jpg HTTP/1.1[0m" 304 -
2024-04-12 10:11:39,641 127.0.0.1 - - [12/Apr/2024 10:11:39] "[36mGET /static/js/all_.js HTTP/1.1[0m" 304 -
2024-04-12 10:11:43,927 127.0.0.1 - - [12/Apr/2024 10:11:43] "[32mGET /logout HTTP/1.1[0m" 302 -
2024-04-12 10:11:43,935 127.0.0.1 - - [12/Apr/2024 10:11:43] "GET / HTTP/1.1" 200 -
2024-04-12 10:11:43,958 127.0.0.1 - - [12/Apr/2024 10:11:43] "[36mGET /static/css/all_css.css HTTP/1.1[0m" 304 -
2024-04-12 10:11:43,961 127.0.0.1 - - [12/Apr/2024 10:11:43] "[36mGET /static/css/index.css HTTP/1.1[0m" 304 -
2024-04-12 10:11:43,964 127.0.0.1 - - [12/Apr/2024 10:11:43] "[36mGET /static/img/默认头像.jpg HTTP/1.1[0m" 304 -
2024-04-12 10:11:43,973 127.0.0.1 - - [12/Apr/2024 10:11:43] "[36mGET /static/js/all_.js HTTP/1.1[0m" 304 -
2024-04-12 10:11:45,821 127.0.0.1 - - [12/Apr/2024 10:11:45] "GET /login HTTP/1.1" 200 -
2024-04-12 10:11:47,969 127.0.0.1 - - [12/Apr/2024 10:11:47] "GET /register HTTP/1.1" 200 -
2024-04-12 10:11:49,208 127.0.0.1 - - [12/Apr/2024 10:11:49] "GET /login HTTP/1.1" 200 -
2024-04-12 10:11:53,021 127.0.0.1 - - [12/Apr/2024 10:11:53] "[32mPOST /login HTTP/1.1[0m" 302 -
2024-04-12 10:11:53,028 127.0.0.1 - - [12/Apr/2024 10:11:53] "GET / HTTP/1.1" 200 -
2024-04-12 10:11:53,073 127.0.0.1 - - [12/Apr/2024 10:11:53] "[36mGET /static/css/all_css.css HTTP/1.1[0m" 304 -
2024-04-12 10:11:53,076 127.0.0.1 - - [12/Apr/2024 10:11:53] "[36mGET /static/img/默认头像.jpg HTTP/1.1[0m" 304 -
2024-04-12 10:11:53,077 127.0.0.1 - - [12/Apr/2024 10:11:53] "[36mGET /static/css/index.css HTTP/1.1[0m" 304 -
2024-04-12 10:11:53,079 127.0.0.1 - - [12/Apr/2024 10:11:53] "[36mGET /static/js/all_.js HTTP/1.1[0m" 304 -
2024-04-12 10:12:43,332 127.0.0.1 - - [12/Apr/2024 10:12:43] "GET / HTTP/1.1" 200 -
2024-04-12 10:12:43,337 127.0.0.1 - - [12/Apr/2024 10:12:43] "GET / HTTP/1.1" 200 -
2024-04-12 10:12:43,374 127.0.0.1 - - [12/Apr/2024 10:12:43] "[36mGET /static/css/all_css.css HTTP/1.1[0m" 304 -
2024-04-12 10:12:43,375 127.0.0.1 - - [12/Apr/2024 10:12:43] "[36mGET /static/img/默认头像.jpg HTTP/1.1[0m" 304 -
2024-04-12 10:12:43,378 127.0.0.1 - - [12/Apr/2024 10:12:43] "[36mGET /static/css/index.css HTTP/1.1[0m" 304 -
2024-04-12 10:12:43,386 127.0.0.1 - - [12/Apr/2024 10:12:43] "[36mGET /static/css/all_css.css HTTP/1.1[0m" 304 -
2024-04-12 10:12:43,402 127.0.0.1 - - [12/Apr/2024 10:12:43] "[36mGET /static/img/默认头像.jpg HTTP/1.1[0m" 304 -
2024-04-12 10:12:43,402 127.0.0.1 - - [12/Apr/2024 10:12:43] "[36mGET /static/css/index.css HTTP/1.1[0m" 304 -
2024-04-12 10:12:43,403 127.0.0.1 - - [12/Apr/2024 10:12:43] "[36mGET /static/js/all_.js HTTP/1.1[0m" 304 -
2024-04-12 10:12:43,415 127.0.0.1 - - [12/Apr/2024 10:12:43] "[36mGET /static/js/all_.js HTTP/1.1[0m" 304 -
2024-04-12 10:23:52,300 127.0.0.1 - - [12/Apr/2024 10:23:52] "GET / HTTP/1.1" 200 -
2024-04-12 10:23:52,316 127.0.0.1 - - [12/Apr/2024 10:23:52] "[36mGET /static/css/all_css.css HTTP/1.1[0m" 304 -
2024-04-12 10:23:52,321 127.0.0.1 - - [12/Apr/2024 10:23:52] "[36mGET /static/css/index.css HTTP/1.1[0m" 304 -
2024-04-12 10:23:52,326 127.0.0.1 - - [12/Apr/2024 10:23:52] "[36mGET /static/js/all_.js HTTP/1.1[0m" 304 -
2024-04-12 10:24:21,448 127.0.0.1 - - [12/Apr/2024 10:24:21] "GET / HTTP/1.1" 200 -
2024-04-12 10:24:21,469 127.0.0.1 - - [12/Apr/2024 10:24:21] "[36mGET /static/css/all_css.css HTTP/1.1[0m" 304 -
2024-04-12 10:24:21,474 127.0.0.1 - - [12/Apr/2024 10:24:21] "[36mGET /static/css/index.css HTTP/1.1[0m" 304 -
2024-04-12 10:24:21,474 127.0.0.1 - - [12/Apr/2024 10:24:21] "[36mGET /static/img/默认头像.jpg HTTP/1.1[0m" 304 -
2024-04-12 10:24:21,482 127.0.0.1 - - [12/Apr/2024 10:24:21] "[36mGET /static/js/all_.js HTTP/1.1[0m" 304 -
2024-04-12 10:28:09,841 127.0.0.1 - - [12/Apr/2024 10:28:09] "GET / HTTP/1.1" 200 -
2024-04-12 10:28:09,875 127.0.0.1 - - [12/Apr/2024 10:28:09] "GET /static/css/all_css.css HTTP/1.1" 200 -
2024-04-12 10:28:09,879 127.0.0.1 - - [12/Apr/2024 10:28:09] "GET /static/css/index.css HTTP/1.1" 200 -
2024-04-12 10:28:09,882 127.0.0.1 - - [12/Apr/2024 10:28:09] "[36mGET /static/img/默认头像.jpg HTTP/1.1[0m" 304 -
2024-04-12 10:28:09,888 127.0.0.1 - - [12/Apr/2024 10:28:09] "[36mGET /static/js/all_.js HTTP/1.1[0m" 304 -
2024-04-12 10:29:31,820 127.0.0.1 - - [12/Apr/2024 10:29:31] "GET / HTTP/1.1" 200 -
2024-04-12 10:29:31,875 127.0.0.1 - - [12/Apr/2024 10:29:31] "GET /static/css/all_css.css HTTP/1.1" 200 -
2024-04-12 10:29:31,877 127.0.0.1 - - [12/Apr/2024 10:29:31] "GET /static/css/index.css HTTP/1.1" 200 -
2024-04-12 10:29:31,877 127.0.0.1 - - [12/Apr/2024 10:29:31] "[36mGET /static/img/默认头像.jpg HTTP/1.1[0m" 304 -
2024-04-12 10:29:31,883 127.0.0.1 - - [12/Apr/2024 10:29:31] "[36mGET /static/js/all_.js HTTP/1.1[0m" 304 -
2024-04-12 10:33:18,140 127.0.0.1 - - [12/Apr/2024 10:33:18] "GET / HTTP/1.1" 200 -
2024-04-12 10:33:18,176 127.0.0.1 - - [12/Apr/2024 10:33:18] "GET /static/css/all_css.css HTTP/1.1" 200 -
2024-04-12 10:33:18,184 127.0.0.1 - - [12/Apr/2024 10:33:18] "GET /static/css/index.css HTTP/1.1" 200 -
2024-04-12 10:33:18,184 127.0.0.1 - - [12/Apr/2024 10:33:18] "[36mGET /static/img/默认头像.jpg HTTP/1.1[0m" 304 -
2024-04-12 10:33:18,192 127.0.0.1 - - [12/Apr/2024 10:33:18] "[36mGET /static/js/all_.js HTTP/1.1[0m" 304 -
2024-04-12 10:33:32,980 127.0.0.1 - - [12/Apr/2024 10:33:32] "GET / HTTP/1.1" 200 -
2024-04-12 10:33:33,016 127.0.0.1 - - [12/Apr/2024 10:33:33] "[36mGET /static/css/all_css.css HTTP/1.1[0m" 304 -
2024-04-12 10:33:33,019 127.0.0.1 - - [12/Apr/2024 10:33:33] "GET /static/css/index.css HTTP/1.1" 200 -
2024-04-12 10:33:33,021 127.0.0.1 - - [12/Apr/2024 10:33:33] "[36mGET /static/img/默认头像.jpg HTTP/1.1[0m" 304 -
2024-04-12 10:33:33,021 127.0.0.1 - - [12/Apr/2024 10:33:33] "[36mGET /static/js/all_.js HTTP/1.1[0m" 304 -
2024-04-12 10:34:05,511 127.0.0.1 - - [12/Apr/2024 10:34:05] "GET / HTTP/1.1" 200 -
2024-04-12 10:34:05,539 127.0.0.1 - - [12/Apr/2024 10:34:05] "[36mGET /static/css/all_css.css HTTP/1.1[0m" 304 -
2024-04-12 10:34:05,542 127.0.0.1 - - [12/Apr/2024 10:34:05] "GET /static/css/index.css HTTP/1.1" 200 -
2024-04-12 10:34:05,546 127.0.0.1 - - [12/Apr/2024 10:34:05] "[36mGET /static/img/默认头像.jpg HTTP/1.1[0m" 304 -
2024-04-12 10:34:05,554 127.0.0.1 - - [12/Apr/2024 10:34:05] "[36mGET /static/js/all_.js HTTP/1.1[0m" 304 -
2024-04-12 10:36:53,453 127.0.0.1 - - [12/Apr/2024 10:36:53] "GET / HTTP/1.1" 200 -
2024-04-12 10:36:53,506 127.0.0.1 - - [12/Apr/2024 10:36:53] "[36mGET /static/css/all_css.css HTTP/1.1[0m" 304 -
2024-04-12 10:36:53,519 127.0.0.1 - - [12/Apr/2024 10:36:53] "[33mGET /... HTTP/1.1[0m" 404 -
2024-04-12 10:36:53,520 127.0.0.1 - - [12/Apr/2024 10:36:53] "GET /static/css/index.css HTTP/1.1" 200 -
2024-04-12 10:36:53,520 127.0.0.1 - - [12/Apr/2024 10:36:53] "[36mGET /static/img/默认头像.jpg HTTP/1.1[0m" 304 -
2024-04-12 10:36:53,522 127.0.0.1 - - [12/Apr/2024 10:36:53] "[36mGET /static/js/all_.js HTTP/1.1[0m" 304 -
2024-04-12 10:39:11,029 127.0.0.1 - - [12/Apr/2024 10:39:11] "GET / HTTP/1.1" 200 -
2024-04-12 10:39:11,119 127.0.0.1 - - [12/Apr/2024 10:39:11] "[36mGET /static/css/all_css.css HTTP/1.1[0m" 304 -
2024-04-12 10:39:11,142 127.0.0.1 - - [12/Apr/2024 10:39:11] "[33mGET /... HTTP/1.1[0m" 404 -
2024-04-12 10:39:11,143 127.0.0.1 - - [12/Apr/2024 10:39:11] "[36mGET /static/css/index.css HTTP/1.1[0m" 304 -
2024-04-12 10:39:11,144 127.0.0.1 - - [12/Apr/2024 10:39:11] "[36mGET /static/img/默认头像.jpg HTTP/1.1[0m" 304 -
2024-04-12 10:39:11,150 127.0.0.1 - - [12/Apr/2024 10:39:11] "[36mGET /static/js/all_.js HTTP/1.1[0m" 304 -
2024-04-12 10:39:28,591 127.0.0.1 - - [12/Apr/2024 10:39:28] "GET / HTTP/1.1" 200 -
2024-04-12 10:39:28,688 127.0.0.1 - - [12/Apr/2024 10:39:28] "[36mGET /static/css/all_css.css HTTP/1.1[0m" 304 -
2024-04-12 10:39:28,693 127.0.0.1 - - [12/Apr/2024 10:39:28] "[36mGET /static/img/默认头像.jpg HTTP/1.1[0m" 304 -
2024-04-12 10:39:28,698 127.0.0.1 - - [12/Apr/2024 10:39:28] "[33mGET /... HTTP/1.1[0m" 404 -
2024-04-12 10:39:28,706 127.0.0.1 - - [12/Apr/2024 10:39:28] "[36mGET /static/css/index.css HTTP/1.1[0m" 304 -
2024-04-12 10:39:28,710 127.0.0.1 - - [12/Apr/2024 10:39:28] "[36mGET /static/js/all_.js HTTP/1.1[0m" 304 -
2024-04-12 10:39:51,381 127.0.0.1 - - [12/Apr/2024 10:39:51] "GET / HTTP/1.1" 200 -
2024-04-12 10:39:51,463 127.0.0.1 - - [12/Apr/2024 10:39:51] "[36mGET /static/css/all_css.css HTTP/1.1[0m" 304 -
2024-04-12 10:39:51,484 127.0.0.1 - - [12/Apr/2024 10:39:51] "[36mGET /static/css/index.css HTTP/1.1[0m" 304 -
2024-04-12 10:39:51,492 127.0.0.1 - - [12/Apr/2024 10:39:51] "[33mGET /... HTTP/1.1[0m" 404 -
2024-04-12 10:39:51,494 127.0.0.1 - - [12/Apr/2024 10:39:51] "[36mGET /static/img/默认头像.jpg HTTP/1.1[0m" 304 -
2024-04-12 10:39:51,497 127.0.0.1 - - [12/Apr/2024 10:39:51] "[36mGET /static/js/all_.js HTTP/1.1[0m" 304 -
2024-04-12 10:41:18,906 127.0.0.1 - - [12/Apr/2024 10:41:18] "GET / HTTP/1.1" 200 -
2024-04-12 10:41:18,930 127.0.0.1 - - [12/Apr/2024 10:41:18] "[36mGET /static/css/all_css.css HTTP/1.1[0m" 304 -
2024-04-12 10:41:18,934 127.0.0.1 - - [12/Apr/2024 10:41:18] "[36mGET /static/img/默认头像.jpg HTTP/1.1[0m" 304 -
2024-04-12 10:41:18,936 127.0.0.1 - - [12/Apr/2024 10:41:18] "[36mGET /static/css/index.css HTTP/1.1[0m" 304 -
2024-04-12 10:41:18,941 127.0.0.1 - - [12/Apr/2024 10:41:18] "[36mGET /static/js/all_.js HTTP/1.1[0m" 304 -
2024-04-12 10:41:42,027 127.0.0.1 - - [12/Apr/2024 10:41:42] "GET / HTTP/1.1" 200 -
2024-04-12 10:41:42,068 127.0.0.1 - - [12/Apr/2024 10:41:42] "[36mGET /static/css/all_css.css HTTP/1.1[0m" 304 -
2024-04-12 10:41:42,069 127.0.0.1 - - [12/Apr/2024 10:41:42] "[36mGET /static/css/index.css HTTP/1.1[0m" 304 -
2024-04-12 10:41:42,074 127.0.0.1 - - [12/Apr/2024 10:41:42] "[36mGET /static/img/默认头像.jpg HTTP/1.1[0m" 304 -
2024-04-12 10:41:42,079 127.0.0.1 - - [12/Apr/2024 10:41:42] "[36mGET /static/js/all_.js HTTP/1.1[0m" 304 -
2024-04-12 10:42:09,986 127.0.0.1 - - [12/Apr/2024 10:42:09] "GET / HTTP/1.1" 200 -
2024-04-12 10:42:10,033 127.0.0.1 - - [12/Apr/2024 10:42:10] "[36mGET /static/css/all_css.css HTTP/1.1[0m" 304 -
2024-04-12 10:42:10,040 127.0.0.1 - - [12/Apr/2024 10:42:10] "[36mGET /static/css/index.css HTTP/1.1[0m" 304 -
2024-04-12 10:42:10,050 127.0.0.1 - - [12/Apr/2024 10:42:10] "[36mGET /static/img/默认头像.jpg HTTP/1.1[0m" 304 -
2024-04-12 10:42:10,051 127.0.0.1 - - [12/Apr/2024 10:42:10] "[36mGET /static/js/all_.js HTTP/1.1[0m" 304 -
2024-04-12 10:42:44,298 127.0.0.1 - - [12/Apr/2024 10:42:44] "GET / HTTP/1.1" 200 -
2024-04-12 10:42:44,350 127.0.0.1 - - [12/Apr/2024 10:42:44] "[36mGET /static/css/all_css.css HTTP/1.1[0m" 304 -
2024-04-12 10:42:44,372 127.0.0.1 - - [12/Apr/2024 10:42:44] "[36mGET /static/css/index.css HTTP/1.1[0m" 304 -
2024-04-12 10:42:44,374 127.0.0.1 - - [12/Apr/2024 10:42:44] "[36mGET /static/img/默认头像.jpg HTTP/1.1[0m" 304 -
2024-04-12 10:42:44,381 127.0.0.1 - - [12/Apr/2024 10:42:44] "[36mGET /static/js/all_.js HTTP/1.1[0m" 304 -
2024-04-12 10:42:49,698 127.0.0.1 - - [12/Apr/2024 10:42:49] "GET / HTTP/1.1" 200 -
2024-04-12 10:42:49,749 127.0.0.1 - - [12/Apr/2024 10:42:49] "[36mGET /static/css/all_css.css HTTP/1.1[0m" 304 -
2024-04-12 10:42:49,783 127.0.0.1 - - [12/Apr/2024 10:42:49] "[36mGET /static/css/index.css HTTP/1.1[0m" 304 -
2024-04-12 10:42:49,817 127.0.0.1 - - [12/Apr/2024 10:42:49] "[36mGET /static/img/默认头像.jpg HTTP/1.1[0m" 304 -
2024-04-12 10:42:49,835 127.0.0.1 - - [12/Apr/2024 10:42:49] "[36mGET /static/js/all_.js HTTP/1.1[0m" 304 -
2024-04-12 10:43:48,580 127.0.0.1 - - [12/Apr/2024 10:43:48] "GET / HTTP/1.1" 200 -
2024-04-12 10:43:48,622 127.0.0.1 - - [12/Apr/2024 10:43:48] "[36mGET /static/css/all_css.css HTTP/1.1[0m" 304 -
2024-04-12 10:43:48,625 127.0.0.1 - - [12/Apr/2024 10:43:48] "[36mGET /static/css/index.css HTTP/1.1[0m" 304 -
2024-04-12 10:43:48,630 127.0.0.1 - - [12/Apr/2024 10:43:48] "[36mGET /static/img/默认头像.jpg HTTP/1.1[0m" 304 -
2024-04-12 10:43:48,634 127.0.0.1 - - [12/Apr/2024 10:43:48] "[36mGET /static/js/all_.js HTTP/1.1[0m" 304 -
2024-04-12 10:44:25,336 127.0.0.1 - - [12/Apr/2024 10:44:25] "GET / HTTP/1.1" 200 -
2024-04-12 10:44:25,384 127.0.0.1 - - [12/Apr/2024 10:44:25] "[36mGET /static/css/all_css.css HTTP/1.1[0m" 304 -
2024-04-12 10:44:25,389 127.0.0.1 - - [12/Apr/2024 10:44:25] "[36mGET /static/css/index.css HTTP/1.1[0m" 304 -
2024-04-12 10:44:25,398 127.0.0.1 - - [12/Apr/2024 10:44:25] "[36mGET /static/js/all_.js HTTP/1.1[0m" 304 -
2024-04-12 10:44:25,402 127.0.0.1 - - [12/Apr/2024 10:44:25] "[36mGET /static/img/默认头像.jpg HTTP/1.1[0m" 304 -
2024-04-12 11:33:49,644 [31m[1mWARNING: This is a development server. Do not use it in a production deployment. Use a production WSGI server instead.[0m
 * Running on http://127.0.0.1:5000
2024-04-12 11:33:49,645 [33mPress CTRL+C to quit[0m
2024-04-12 11:33:49,648  * Restarting with stat
2024-04-12 11:33:50,384  * Debugger is active!
2024-04-12 11:33:50,394  * Debugger PIN: 139-171-276
2024-04-12 11:33:52,257 127.0.0.1 - - [12/Apr/2024 11:33:52] "GET / HTTP/1.1" 200 -
2024-04-12 11:33:52,261 127.0.0.1 - - [12/Apr/2024 11:33:52] "GET / HTTP/1.1" 200 -
2024-04-12 11:33:52,424 127.0.0.1 - - [12/Apr/2024 11:33:52] "[33mGET /accounts/avatar/Macvcarton-avatar.png HTTP/1.1[0m" 404 -
2024-04-12 11:33:52,438 127.0.0.1 - - [12/Apr/2024 11:33:52] "[33mGET /accounts/avatar/Macvcarton-avatar.png HTTP/1.1[0m" 404 -
2024-04-12 11:33:52,441 127.0.0.1 - - [12/Apr/2024 11:33:52] "[33mGET /backend/blog/img/2024-04-03/NSHM_PHOTO_2023_9_16_22_22_31.jpg HTTP/1.1[0m" 404 -
2024-04-12 11:33:52,456 127.0.0.1 - - [12/Apr/2024 11:33:52] "[33mGET /backend/blog/img/2024-01-28/pydal.JPG HTTP/1.1[0m" 404 -
2024-04-12 11:33:52,468 127.0.0.1 - - [12/Apr/2024 11:33:52] "[33mGET /backend/blog/img/2024-04-03/NSHM_PHOTO_2023_9_16_22_22_31.jpg HTTP/1.1[0m" 404 -
2024-04-12 11:33:52,493 127.0.0.1 - - [12/Apr/2024 11:33:52] "[33mGET /backend/blog/img/2024-01-28/pydal.JPG HTTP/1.1[0m" 404 -
2024-04-12 11:33:52,927 127.0.0.1 - - [12/Apr/2024 11:33:52] "[36mGET /static/css/all_css.css HTTP/1.1[0m" 304 -
2024-04-12 11:33:52,932 127.0.0.1 - - [12/Apr/2024 11:33:52] "[36mGET /static/js/all_.js HTTP/1.1[0m" 304 -
2024-04-12 11:33:52,940 127.0.0.1 - - [12/Apr/2024 11:33:52] "[36mGET /static/img/默认头像.jpg HTTP/1.1[0m" 304 -
2024-04-12 11:33:52,951 127.0.0.1 - - [12/Apr/2024 11:33:52] "[36mGET /static/css/all_css.css HTTP/1.1[0m" 304 -
2024-04-12 11:33:52,956 127.0.0.1 - - [12/Apr/2024 11:33:52] "[36mGET /static/js/all_.js HTTP/1.1[0m" 304 -
2024-04-12 11:33:52,957 127.0.0.1 - - [12/Apr/2024 11:33:52] "[36mGET /static/css/index.css HTTP/1.1[0m" 304 -
2024-04-12 11:33:52,967 127.0.0.1 - - [12/Apr/2024 11:33:52] "[36mGET /static/img/默认头像.jpg HTTP/1.1[0m" 304 -
2024-04-12 11:33:52,975 127.0.0.1 - - [12/Apr/2024 11:33:52] "[33mGET /backend/blog/img/2023-07-09/Snipaste_2023-07-09_12-46-50.jpg HTTP/1.1[0m" 404 -
2024-04-12 11:33:52,976 127.0.0.1 - - [12/Apr/2024 11:33:52] "[33mGET /backend/blog/img/2023-09-18/output.png HTTP/1.1[0m" 404 -
2024-04-12 11:33:52,982 127.0.0.1 - - [12/Apr/2024 11:33:52] "[33mGET /backend/blog/img/2022-12-31/博客封面.png HTTP/1.1[0m" 404 -
2024-04-12 11:33:52,990 127.0.0.1 - - [12/Apr/2024 11:33:52] "[33mGET /backend/blog/img/2022-09-04/Snipaste_2022-09-04_18-25-58.jpg HTTP/1.1[0m" 404 -
2024-04-12 11:33:52,999 127.0.0.1 - - [12/Apr/2024 11:33:52] "[33mGET /backend/blog/img/2022-05-22/Snipaste_2022-05-22_23-23-58.jpg HTTP/1.1[0m" 404 -
2024-04-12 11:33:53,008 127.0.0.1 - - [12/Apr/2024 11:33:53] "[33mGET /backend/blog/img/2022-04-10/用户中心.png HTTP/1.1[0m" 404 -
2024-04-12 11:33:53,009 127.0.0.1 - - [12/Apr/2024 11:33:53] "[36mGET /static/css/index.css HTTP/1.1[0m" 304 -
2024-04-12 11:33:53,022 127.0.0.1 - - [12/Apr/2024 11:33:53] "[33mGET /backend/blog/img/2023-09-18/output.png HTTP/1.1[0m" 404 -
2024-04-12 11:33:53,030 127.0.0.1 - - [12/Apr/2024 11:33:53] "[33mGET /backend/blog/img/2023-07-09/Snipaste_2023-07-09_12-46-50.jpg HTTP/1.1[0m" 404 -
2024-04-12 11:33:53,040 127.0.0.1 - - [12/Apr/2024 11:33:53] "[33mGET /backend/blog/img/2022-12-31/博客封面.png HTTP/1.1[0m" 404 -
2024-04-12 11:33:53,055 127.0.0.1 - - [12/Apr/2024 11:33:53] "[33mGET /backend/blog/img/2022-09-04/Snipaste_2022-09-04_18-25-58.jpg HTTP/1.1[0m" 404 -
2024-04-12 11:33:53,072 127.0.0.1 - - [12/Apr/2024 11:33:53] "[33mGET /backend/blog/img/2022-05-22/Snipaste_2022-05-22_23-23-58.jpg HTTP/1.1[0m" 404 -
2024-04-12 11:33:53,082 127.0.0.1 - - [12/Apr/2024 11:33:53] "[33mGET /backend/blog/img/2022-04-10/用户中心.png HTTP/1.1[0m" 404 -
2024-04-12 11:34:01,120 127.0.0.1 - - [12/Apr/2024 11:34:01] "[33mGET /loveme/ HTTP/1.1[0m" 404 -
2024-04-12 11:35:34,367 127.0.0.1 - - [12/Apr/2024 11:35:34] "GET / HTTP/1.1" 200 -
2024-04-12 11:35:34,398 127.0.0.1 - - [12/Apr/2024 11:35:34] "[36mGET /static/css/all_css.css HTTP/1.1[0m" 304 -
2024-04-12 11:35:34,403 127.0.0.1 - - [12/Apr/2024 11:35:34] "[36mGET /static/css/index.css HTTP/1.1[0m" 304 -
2024-04-12 11:35:34,404 127.0.0.1 - - [12/Apr/2024 11:35:34] "[36mGET /static/img/默认头像.jpg HTTP/1.1[0m" 304 -
2024-04-12 11:35:34,411 127.0.0.1 - - [12/Apr/2024 11:35:34] "[36mGET /static/js/all_.js HTTP/1.1[0m" 304 -
2024-04-12 11:35:34,426 127.0.0.1 - - [12/Apr/2024 11:35:34] "[33mGET /accounts/avatar/Macvcarton-avatar.png HTTP/1.1[0m" 404 -
2024-04-12 11:37:27,548 127.0.0.1 - - [12/Apr/2024 11:37:27] "GET / HTTP/1.1" 200 -
2024-04-12 11:37:27,584 127.0.0.1 - - [12/Apr/2024 11:37:27] "[36mGET /static/css/all_css.css HTTP/1.1[0m" 304 -
2024-04-12 11:37:27,596 127.0.0.1 - - [12/Apr/2024 11:37:27] "[36mGET /static/css/index.css HTTP/1.1[0m" 304 -
2024-04-12 11:37:27,600 127.0.0.1 - - [12/Apr/2024 11:37:27] "[36mGET /static/img/默认头像.jpg HTTP/1.1[0m" 304 -
2024-04-12 11:37:27,603 127.0.0.1 - - [12/Apr/2024 11:37:27] "[33mGET /accounts/avatar/Macvcarton-avatar.png HTTP/1.1[0m" 404 -
2024-04-12 11:37:27,611 127.0.0.1 - - [12/Apr/2024 11:37:27] "[36mGET /static/js/all_.js HTTP/1.1[0m" 304 -
2024-04-12 11:37:50,468 127.0.0.1 - - [12/Apr/2024 11:37:50] "GET / HTTP/1.1" 200 -
2024-04-12 11:37:50,508 127.0.0.1 - - [12/Apr/2024 11:37:50] "[36mGET /static/css/all_css.css HTTP/1.1[0m" 304 -
2024-04-12 11:37:50,510 127.0.0.1 - - [12/Apr/2024 11:37:50] "[36mGET /static/css/index.css HTTP/1.1[0m" 304 -
2024-04-12 11:37:50,512 127.0.0.1 - - [12/Apr/2024 11:37:50] "[36mGET /static/img/默认头像.jpg HTTP/1.1[0m" 304 -
2024-04-12 11:37:50,514 127.0.0.1 - - [12/Apr/2024 11:37:50] "[36mGET /static/js/all_.js HTTP/1.1[0m" 304 -
2024-04-12 11:38:03,588 127.0.0.1 - - [12/Apr/2024 11:38:03] "GET / HTTP/1.1" 200 -
2024-04-12 11:38:03,668 127.0.0.1 - - [12/Apr/2024 11:38:03] "[36mGET /static/css/all_css.css HTTP/1.1[0m" 304 -
2024-04-12 11:38:03,883 127.0.0.1 - - [12/Apr/2024 11:38:03] "[36mGET /static/css/index.css HTTP/1.1[0m" 304 -
2024-04-12 11:38:03,900 127.0.0.1 - - [12/Apr/2024 11:38:03] "[36mGET /static/js/all_.js HTTP/1.1[0m" 304 -
2024-04-12 11:38:03,901 127.0.0.1 - - [12/Apr/2024 11:38:03] "[36mGET /static/img/默认头像.jpg HTTP/1.1[0m" 304 -
2024-04-12 11:40:05,611 127.0.0.1 - - [12/Apr/2024 11:40:05] "GET / HTTP/1.1" 200 -
2024-04-12 11:40:05,643 127.0.0.1 - - [12/Apr/2024 11:40:05] "[36mGET /static/css/all_css.css HTTP/1.1[0m" 304 -
2024-04-12 11:40:05,646 127.0.0.1 - - [12/Apr/2024 11:40:05] "[36mGET /static/css/index.css HTTP/1.1[0m" 304 -
2024-04-12 11:40:05,648 127.0.0.1 - - [12/Apr/2024 11:40:05] "[36mGET /static/img/默认头像.jpg HTTP/1.1[0m" 304 -
2024-04-12 11:40:05,656 127.0.0.1 - - [12/Apr/2024 11:40:05] "[36mGET /static/js/all_.js HTTP/1.1[0m" 304 -
2024-04-12 11:41:27,951 127.0.0.1 - - [12/Apr/2024 11:41:27] "GET / HTTP/1.1" 200 -
2024-04-12 11:41:27,994 127.0.0.1 - - [12/Apr/2024 11:41:27] "[36mGET /static/css/all_css.css HTTP/1.1[0m" 304 -
2024-04-12 11:41:28,011 127.0.0.1 - - [12/Apr/2024 11:41:28] "[36mGET /static/css/index.css HTTP/1.1[0m" 304 -
2024-04-12 11:41:28,012 127.0.0.1 - - [12/Apr/2024 11:41:28] "[36mGET /static/img/默认头像.jpg HTTP/1.1[0m" 304 -
2024-04-12 11:41:28,014 127.0.0.1 - - [12/Apr/2024 11:41:28] "[36mGET /static/js/all_.js HTTP/1.1[0m" 304 -
2024-04-12 11:41:33,139 127.0.0.1 - - [12/Apr/2024 11:41:33] "GET / HTTP/1.1" 200 -
2024-04-12 11:41:33,175 127.0.0.1 - - [12/Apr/2024 11:41:33] "[36mGET /static/css/all_css.css HTTP/1.1[0m" 304 -
2024-04-12 11:41:33,182 127.0.0.1 - - [12/Apr/2024 11:41:33] "[36mGET /static/css/index.css HTTP/1.1[0m" 304 -
2024-04-12 11:41:33,191 127.0.0.1 - - [12/Apr/2024 11:41:33] "[36mGET /static/img/默认头像.jpg HTTP/1.1[0m" 304 -
2024-04-12 11:41:33,197 127.0.0.1 - - [12/Apr/2024 11:41:33] "[36mGET /static/js/all_.js HTTP/1.1[0m" 304 -
2024-04-12 11:41:37,539 127.0.0.1 - - [12/Apr/2024 11:41:37] "GET / HTTP/1.1" 200 -
2024-04-12 11:41:37,606 127.0.0.1 - - [12/Apr/2024 11:41:37] "[36mGET /static/css/all_css.css HTTP/1.1[0m" 304 -
2024-04-12 11:41:37,684 127.0.0.1 - - [12/Apr/2024 11:41:37] "[36mGET /static/css/index.css HTTP/1.1[0m" 304 -
2024-04-12 11:41:37,689 127.0.0.1 - - [12/Apr/2024 11:41:37] "[36mGET /static/img/默认头像.jpg HTTP/1.1[0m" 304 -
2024-04-12 11:41:37,691 127.0.0.1 - - [12/Apr/2024 11:41:37] "[36mGET /static/js/all_.js HTTP/1.1[0m" 304 -
2024-04-12 11:41:41,702 127.0.0.1 - - [12/Apr/2024 11:41:41] "GET / HTTP/1.1" 200 -
2024-04-12 11:41:41,764 127.0.0.1 - - [12/Apr/2024 11:41:41] "[36mGET /static/css/all_css.css HTTP/1.1[0m" 304 -
2024-04-12 11:41:41,775 127.0.0.1 - - [12/Apr/2024 11:41:41] "[36mGET /static/css/index.css HTTP/1.1[0m" 304 -
2024-04-12 11:41:41,777 127.0.0.1 - - [12/Apr/2024 11:41:41] "[36mGET /static/img/默认头像.jpg HTTP/1.1[0m" 304 -
2024-04-12 11:41:41,825 127.0.0.1 - - [12/Apr/2024 11:41:41] "[36mGET /static/js/all_.js HTTP/1.1[0m" 304 -
2024-04-12 11:41:45,042 127.0.0.1 - - [12/Apr/2024 11:41:45] "GET / HTTP/1.1" 200 -
2024-04-12 11:41:45,071 127.0.0.1 - - [12/Apr/2024 11:41:45] "[36mGET /static/css/all_css.css HTTP/1.1[0m" 304 -
2024-04-12 11:41:45,081 127.0.0.1 - - [12/Apr/2024 11:41:45] "[36mGET /static/css/index.css HTTP/1.1[0m" 304 -
2024-04-12 11:41:45,084 127.0.0.1 - - [12/Apr/2024 11:41:45] "[36mGET /static/img/默认头像.jpg HTTP/1.1[0m" 304 -
2024-04-12 11:41:45,094 127.0.0.1 - - [12/Apr/2024 11:41:45] "[36mGET /static/js/all_.js HTTP/1.1[0m" 304 -
2024-04-12 11:42:18,764 127.0.0.1 - - [12/Apr/2024 11:42:18] "GET / HTTP/1.1" 200 -
2024-04-12 11:42:18,813 127.0.0.1 - - [12/Apr/2024 11:42:18] "[36mGET /static/css/all_css.css HTTP/1.1[0m" 304 -
2024-04-12 11:42:18,828 127.0.0.1 - - [12/Apr/2024 11:42:18] "[36mGET /static/img/默认头像.jpg HTTP/1.1[0m" 304 -
2024-04-12 11:42:18,845 127.0.0.1 - - [12/Apr/2024 11:42:18] "[36mGET /static/js/all_.js HTTP/1.1[0m" 304 -
2024-04-12 11:42:18,845 127.0.0.1 - - [12/Apr/2024 11:42:18] "[36mGET /static/css/index.css HTTP/1.1[0m" 304 -
2024-04-12 11:42:29,153 127.0.0.1 - - [12/Apr/2024 11:42:29] "GET / HTTP/1.1" 200 -
2024-04-12 11:42:29,189 127.0.0.1 - - [12/Apr/2024 11:42:29] "[36mGET /static/css/all_css.css HTTP/1.1[0m" 304 -
2024-04-12 11:42:29,193 127.0.0.1 - - [12/Apr/2024 11:42:29] "[36mGET /static/css/index.css HTTP/1.1[0m" 304 -
2024-04-12 11:42:29,196 127.0.0.1 - - [12/Apr/2024 11:42:29] "[36mGET /static/img/默认头像.jpg HTTP/1.1[0m" 304 -
2024-04-12 11:42:29,199 127.0.0.1 - - [12/Apr/2024 11:42:29] "[36mGET /static/js/all_.js HTTP/1.1[0m" 304 -
2024-04-12 11:42:44,757 [31m[1mWARNING: This is a development server. Do not use it in a production deployment. Use a production WSGI server instead.[0m
 * Running on http://127.0.0.1:5000
2024-04-12 11:42:44,758 [33mPress CTRL+C to quit[0m
2024-04-12 11:42:44,762  * Restarting with stat
2024-04-12 11:42:46,352  * Debugger is active!
2024-04-12 11:42:46,372  * Debugger PIN: 139-171-276
2024-04-12 11:42:46,877 127.0.0.1 - - [12/Apr/2024 11:42:46] "GET / HTTP/1.1" 200 -
2024-04-12 11:42:47,372 127.0.0.1 - - [12/Apr/2024 11:42:47] "[36mGET /static/img/默认头像.jpg HTTP/1.1[0m" 304 -
2024-04-12 11:42:47,379 127.0.0.1 - - [12/Apr/2024 11:42:47] "[36mGET /static/css/index.css HTTP/1.1[0m" 304 -
2024-04-12 11:42:47,383 127.0.0.1 - - [12/Apr/2024 11:42:47] "[36mGET /static/js/all_.js HTTP/1.1[0m" 304 -
2024-04-12 11:42:47,384 127.0.0.1 - - [12/Apr/2024 11:42:47] "[36mGET /static/css/all_css.css HTTP/1.1[0m" 304 -
2024-04-12 11:43:11,633 127.0.0.1 - - [12/Apr/2024 11:43:11] "GET / HTTP/1.1" 200 -
2024-04-12 11:43:11,658 127.0.0.1 - - [12/Apr/2024 11:43:11] "[36mGET /static/css/all_css.css HTTP/1.1[0m" 304 -
2024-04-12 11:43:11,668 127.0.0.1 - - [12/Apr/2024 11:43:11] "[36mGET /static/js/all_.js HTTP/1.1[0m" 304 -
2024-04-12 11:43:11,668 127.0.0.1 - - [12/Apr/2024 11:43:11] "[36mGET /static/css/index.css HTTP/1.1[0m" 304 -
2024-04-12 11:43:11,670 127.0.0.1 - - [12/Apr/2024 11:43:11] "[36mGET /static/img/默认头像.jpg HTTP/1.1[0m" 304 -
2024-04-12 11:43:32,216 127.0.0.1 - - [12/Apr/2024 11:43:32] "GET / HTTP/1.1" 200 -
2024-04-12 11:43:32,274 127.0.0.1 - - [12/Apr/2024 11:43:32] "[36mGET /static/css/all_css.css HTTP/1.1[0m" 304 -
2024-04-12 11:43:32,360 127.0.0.1 - - [12/Apr/2024 11:43:32] "[36mGET /static/css/index.css HTTP/1.1[0m" 304 -
2024-04-12 11:43:32,381 127.0.0.1 - - [12/Apr/2024 11:43:32] "[36mGET /static/img/默认头像.jpg HTTP/1.1[0m" 304 -
2024-04-12 11:43:32,391 127.0.0.1 - - [12/Apr/2024 11:43:32] "[36mGET /static/js/all_.js HTTP/1.1[0m" 304 -
2024-04-12 11:43:48,950 127.0.0.1 - - [12/Apr/2024 11:43:48] "GET / HTTP/1.1" 200 -
2024-04-12 11:43:48,997 127.0.0.1 - - [12/Apr/2024 11:43:48] "[36mGET /static/css/all_css.css HTTP/1.1[0m" 304 -
2024-04-12 11:43:49,028 127.0.0.1 - - [12/Apr/2024 11:43:49] "[36mGET /static/css/index.css HTTP/1.1[0m" 304 -
2024-04-12 11:43:49,118 127.0.0.1 - - [12/Apr/2024 11:43:49] "[36mGET /static/img/默认头像.jpg HTTP/1.1[0m" 304 -
2024-04-12 11:43:49,124 127.0.0.1 - - [12/Apr/2024 11:43:49] "[36mGET /static/js/all_.js HTTP/1.1[0m" 304 -
2024-04-12 11:43:53,424 127.0.0.1 - - [12/Apr/2024 11:43:53] "GET / HTTP/1.1" 200 -
2024-04-12 11:43:53,460 127.0.0.1 - - [12/Apr/2024 11:43:53] "[36mGET /static/css/all_css.css HTTP/1.1[0m" 304 -
2024-04-12 11:43:53,466 127.0.0.1 - - [12/Apr/2024 11:43:53] "[36mGET /static/css/index.css HTTP/1.1[0m" 304 -
2024-04-12 11:43:53,471 127.0.0.1 - - [12/Apr/2024 11:43:53] "[36mGET /static/img/默认头像.jpg HTTP/1.1[0m" 304 -
2024-04-12 11:43:53,474 127.0.0.1 - - [12/Apr/2024 11:43:53] "[36mGET /static/js/all_.js HTTP/1.1[0m" 304 -
2024-04-12 11:43:58,879 127.0.0.1 - - [12/Apr/2024 11:43:58] "GET / HTTP/1.1" 200 -
2024-04-12 11:43:58,916 127.0.0.1 - - [12/Apr/2024 11:43:58] "[36mGET /static/css/all_css.css HTTP/1.1[0m" 304 -
2024-04-12 11:43:58,920 127.0.0.1 - - [12/Apr/2024 11:43:58] "[36mGET /static/css/index.css HTTP/1.1[0m" 304 -
2024-04-12 11:43:58,925 127.0.0.1 - - [12/Apr/2024 11:43:58] "[36mGET /static/img/默认头像.jpg HTTP/1.1[0m" 304 -
2024-04-12 11:43:58,928 127.0.0.1 - - [12/Apr/2024 11:43:58] "[36mGET /static/js/all_.js HTTP/1.1[0m" 304 -
2024-04-12 11:44:04,675 127.0.0.1 - - [12/Apr/2024 11:44:04] "GET / HTTP/1.1" 200 -
2024-04-12 11:44:04,699 127.0.0.1 - - [12/Apr/2024 11:44:04] "[36mGET /static/css/all_css.css HTTP/1.1[0m" 304 -
2024-04-12 11:44:04,704 127.0.0.1 - - [12/Apr/2024 11:44:04] "[36mGET /static/css/index.css HTTP/1.1[0m" 304 -
2024-04-12 11:44:04,706 127.0.0.1 - - [12/Apr/2024 11:44:04] "[36mGET /static/img/默认头像.jpg HTTP/1.1[0m" 304 -
2024-04-12 11:44:04,707 127.0.0.1 - - [12/Apr/2024 11:44:04] "[36mGET /static/js/all_.js HTTP/1.1[0m" 304 -
2024-04-12 11:44:55,166 127.0.0.1 - - [12/Apr/2024 11:44:55] "GET / HTTP/1.1" 200 -
2024-04-12 11:44:55,193 127.0.0.1 - - [12/Apr/2024 11:44:55] "[36mGET /static/css/all_css.css HTTP/1.1[0m" 304 -
2024-04-12 11:44:55,194 127.0.0.1 - - [12/Apr/2024 11:44:55] "[36mGET /static/css/index.css HTTP/1.1[0m" 304 -
2024-04-12 11:44:55,196 127.0.0.1 - - [12/Apr/2024 11:44:55] "[36mGET /static/img/默认头像.jpg HTTP/1.1[0m" 304 -
2024-04-12 11:44:55,219 127.0.0.1 - - [12/Apr/2024 11:44:55] "[36mGET /static/js/all_.js HTTP/1.1[0m" 304 -
2024-04-12 11:46:18,049 127.0.0.1 - - [12/Apr/2024 11:46:18] "GET / HTTP/1.1" 200 -
2024-04-12 11:46:18,092 127.0.0.1 - - [12/Apr/2024 11:46:18] "[36mGET /static/css/all_css.css HTTP/1.1[0m" 304 -
2024-04-12 11:46:18,096 127.0.0.1 - - [12/Apr/2024 11:46:18] "[36mGET /static/css/index.css HTTP/1.1[0m" 304 -
2024-04-12 11:46:18,100 127.0.0.1 - - [12/Apr/2024 11:46:18] "[36mGET /static/img/默认头像.jpg HTTP/1.1[0m" 304 -
2024-04-12 11:46:18,107 127.0.0.1 - - [12/Apr/2024 11:46:18] "[36mGET /static/js/all_.js HTTP/1.1[0m" 304 -
2024-04-12 11:48:54,085 127.0.0.1 - - [12/Apr/2024 11:48:54] "GET / HTTP/1.1" 200 -
2024-04-12 11:48:54,108 127.0.0.1 - - [12/Apr/2024 11:48:54] "[36mGET /static/css/all_css.css HTTP/1.1[0m" 304 -
2024-04-12 11:48:54,111 127.0.0.1 - - [12/Apr/2024 11:48:54] "[36mGET /static/css/index.css HTTP/1.1[0m" 304 -
2024-04-12 11:48:54,118 127.0.0.1 - - [12/Apr/2024 11:48:54] "[33mGET /static/github-avatar.png HTTP/1.1[0m" 404 -
2024-04-12 11:48:54,118 127.0.0.1 - - [12/Apr/2024 11:48:54] "[36mGET /static/img/默认头像.jpg HTTP/1.1[0m" 304 -
2024-04-12 11:48:54,120 127.0.0.1 - - [12/Apr/2024 11:48:54] "[36mGET /static/js/all_.js HTTP/1.1[0m" 304 -
2024-04-12 11:49:41,917 127.0.0.1 - - [12/Apr/2024 11:49:41] "GET / HTTP/1.1" 200 -
2024-04-12 11:49:41,937 127.0.0.1 - - [12/Apr/2024 11:49:41] "[36mGET /static/css/all_css.css HTTP/1.1[0m" 304 -
2024-04-12 11:49:41,942 127.0.0.1 - - [12/Apr/2024 11:49:41] "[36mGET /static/css/index.css HTTP/1.1[0m" 304 -
2024-04-12 11:49:41,943 127.0.0.1 - - [12/Apr/2024 11:49:41] "[33mGET /accounts/avatar/Macvcarton-avatar.png HTTP/1.1[0m" 404 -
2024-04-12 11:49:41,947 127.0.0.1 - - [12/Apr/2024 11:49:41] "[36mGET /static/img/默认头像.jpg HTTP/1.1[0m" 304 -
2024-04-12 11:49:41,949 127.0.0.1 - - [12/Apr/2024 11:49:41] "[36mGET /static/js/all_.js HTTP/1.1[0m" 304 -
2024-04-12 11:50:10,895 127.0.0.1 - - [12/Apr/2024 11:50:10] "GET / HTTP/1.1" 200 -
2024-04-12 11:50:10,922 127.0.0.1 - - [12/Apr/2024 11:50:10] "[36mGET /static/css/all_css.css HTTP/1.1[0m" 304 -
2024-04-12 11:50:10,924 127.0.0.1 - - [12/Apr/2024 11:50:10] "[36mGET /static/css/index.css HTTP/1.1[0m" 304 -
2024-04-12 11:50:10,924 127.0.0.1 - - [12/Apr/2024 11:50:10] "[36mGET /static/img/默认头像.jpg HTTP/1.1[0m" 304 -
2024-04-12 11:50:10,938 127.0.0.1 - - [12/Apr/2024 11:50:10] "[36mGET /static/js/all_.js HTTP/1.1[0m" 304 -
2024-04-12 11:50:32,450 127.0.0.1 - - [12/Apr/2024 11:50:32] "GET / HTTP/1.1" 200 -
2024-04-12 11:50:32,501 127.0.0.1 - - [12/Apr/2024 11:50:32] "GET /static/css/all_css.css HTTP/1.1" 200 -
2024-04-12 11:50:32,502 127.0.0.1 - - [12/Apr/2024 11:50:32] "GET /static/css/index.css HTTP/1.1" 200 -
2024-04-12 11:50:32,506 127.0.0.1 - - [12/Apr/2024 11:50:32] "GET /static/img/默认头像.jpg HTTP/1.1" 200 -
2024-04-12 11:50:32,509 127.0.0.1 - - [12/Apr/2024 11:50:32] "GET /static/js/all_.js HTTP/1.1" 200 -
2024-04-12 11:50:33,662 127.0.0.1 - - [12/Apr/2024 11:50:33] "[33mGET /favicon.ico HTTP/1.1[0m" 404 -
2024-04-12 11:51:00,451 127.0.0.1 - - [12/Apr/2024 11:51:00] "GET / HTTP/1.1" 200 -
2024-04-12 11:51:00,477 127.0.0.1 - - [12/Apr/2024 11:51:00] "[36mGET /static/css/all_css.css HTTP/1.1[0m" 304 -
2024-04-12 11:51:00,487 127.0.0.1 - - [12/Apr/2024 11:51:00] "[36mGET /static/css/index.css HTTP/1.1[0m" 304 -
2024-04-12 11:51:00,489 127.0.0.1 - - [12/Apr/2024 11:51:00] "[36mGET /static/js/all_.js HTTP/1.1[0m" 304 -
2024-04-12 11:51:00,489 127.0.0.1 - - [12/Apr/2024 11:51:00] "[36mGET /static/img/默认头像.jpg HTTP/1.1[0m" 304 -
2024-04-12 11:58:20,188 [31m[1mWARNING: This is a development server. Do not use it in a production deployment. Use a production WSGI server instead.[0m
 * Running on http://127.0.0.1:5000
2024-04-12 11:58:20,188 [33mPress CTRL+C to quit[0m
2024-04-12 11:58:20,194  * Restarting with stat
2024-04-12 11:58:21,614  * Debugger is active!
2024-04-12 11:58:21,636  * Debugger PIN: 139-171-276
2024-04-12 11:58:21,780 127.0.0.1 - - [12/Apr/2024 11:58:21] "GET / HTTP/1.1" 200 -
2024-04-12 11:58:22,460 127.0.0.1 - - [12/Apr/2024 11:58:22] "[36mGET /static/css/all_css.css HTTP/1.1[0m" 304 -
2024-04-12 11:58:22,495 127.0.0.1 - - [12/Apr/2024 11:58:22] "[36mGET /static/js/all_.js HTTP/1.1[0m" 304 -
2024-04-12 11:58:22,573 127.0.0.1 - - [12/Apr/2024 11:58:22] "[36mGET /static/css/index.css HTTP/1.1[0m" 304 -
2024-04-12 11:58:22,575 127.0.0.1 - - [12/Apr/2024 11:58:22] "[36mGET /static/img/默认头像.jpg HTTP/1.1[0m" 304 -
2024-04-12 11:58:45,393 127.0.0.1 - - [12/Apr/2024 11:58:45] "GET / HTTP/1.1" 200 -
2024-04-12 11:58:45,450 127.0.0.1 - - [12/Apr/2024 11:58:45] "[36mGET /static/css/all_css.css HTTP/1.1[0m" 304 -
2024-04-12 11:58:45,452 127.0.0.1 - - [12/Apr/2024 11:58:45] "[36mGET /static/css/index.css HTTP/1.1[0m" 304 -
2024-04-12 11:58:45,456 127.0.0.1 - - [12/Apr/2024 11:58:45] "[36mGET /static/img/默认头像.jpg HTTP/1.1[0m" 304 -
2024-04-12 11:58:45,458 127.0.0.1 - - [12/Apr/2024 11:58:45] "[36mGET /static/js/all_.js HTTP/1.1[0m" 304 -
2024-04-12 11:59:05,560 127.0.0.1 - - [12/Apr/2024 11:59:05] "GET / HTTP/1.1" 200 -
2024-04-12 11:59:05,609 127.0.0.1 - - [12/Apr/2024 11:59:05] "[36mGET /static/css/all_css.css HTTP/1.1[0m" 304 -
2024-04-12 11:59:05,614 127.0.0.1 - - [12/Apr/2024 11:59:05] "[36mGET /static/css/index.css HTTP/1.1[0m" 304 -
2024-04-12 11:59:05,616 127.0.0.1 - - [12/Apr/2024 11:59:05] "[36mGET /static/img/默认头像.jpg HTTP/1.1[0m" 304 -
2024-04-12 11:59:05,625 127.0.0.1 - - [12/Apr/2024 11:59:05] "[36mGET /static/js/all_.js HTTP/1.1[0m" 304 -
2024-04-12 11:59:37,125 127.0.0.1 - - [12/Apr/2024 11:59:37] "GET / HTTP/1.1" 200 -
2024-04-12 11:59:37,228 127.0.0.1 - - [12/Apr/2024 11:59:37] "[36mGET /static/css/all_css.css HTTP/1.1[0m" 304 -
2024-04-12 11:59:37,254 127.0.0.1 - - [12/Apr/2024 11:59:37] "[36mGET /static/css/index.css HTTP/1.1[0m" 304 -
2024-04-12 11:59:37,261 127.0.0.1 - - [12/Apr/2024 11:59:37] "[36mGET /static/img/默认头像.jpg HTTP/1.1[0m" 304 -
2024-04-12 11:59:37,272 127.0.0.1 - - [12/Apr/2024 11:59:37] "[36mGET /static/js/all_.js HTTP/1.1[0m" 304 -
2024-04-12 11:59:50,848 127.0.0.1 - - [12/Apr/2024 11:59:50] "GET / HTTP/1.1" 200 -
2024-04-12 11:59:50,951 127.0.0.1 - - [12/Apr/2024 11:59:50] "[36mGET /static/css/all_css.css HTTP/1.1[0m" 304 -
2024-04-12 11:59:50,969 127.0.0.1 - - [12/Apr/2024 11:59:50] "[36mGET /static/css/index.css HTTP/1.1[0m" 304 -
2024-04-12 11:59:50,980 127.0.0.1 - - [12/Apr/2024 11:59:50] "[36mGET /static/img/默认头像.jpg HTTP/1.1[0m" 304 -
2024-04-12 11:59:50,982 127.0.0.1 - - [12/Apr/2024 11:59:50] "[36mGET /static/js/all_.js HTTP/1.1[0m" 304 -
2024-04-12 12:01:31,498 127.0.0.1 - - [12/Apr/2024 12:01:31] "GET / HTTP/1.1" 200 -
2024-04-12 12:01:31,573 127.0.0.1 - - [12/Apr/2024 12:01:31] "[36mGET /static/css/all_css.css HTTP/1.1[0m" 304 -
2024-04-12 12:01:31,580 127.0.0.1 - - [12/Apr/2024 12:01:31] "[36mGET /static/img/默认头像.jpg HTTP/1.1[0m" 304 -
2024-04-12 12:01:31,585 127.0.0.1 - - [12/Apr/2024 12:01:31] "[36mGET /static/css/index.css HTTP/1.1[0m" 304 -
2024-04-12 12:01:31,586 127.0.0.1 - - [12/Apr/2024 12:01:31] "[36mGET /static/js/all_.js HTTP/1.1[0m" 304 -
2024-04-12 12:01:47,202 127.0.0.1 - - [12/Apr/2024 12:01:47] "GET / HTTP/1.1" 200 -
2024-04-12 12:01:47,285 127.0.0.1 - - [12/Apr/2024 12:01:47] "[36mGET /static/css/all_css.css HTTP/1.1[0m" 304 -
2024-04-12 12:01:47,295 127.0.0.1 - - [12/Apr/2024 12:01:47] "[36mGET /static/css/index.css HTTP/1.1[0m" 304 -
2024-04-12 12:01:47,300 127.0.0.1 - - [12/Apr/2024 12:01:47] "[36mGET /static/img/默认头像.jpg HTTP/1.1[0m" 304 -
2024-04-12 12:01:47,306 127.0.0.1 - - [12/Apr/2024 12:01:47] "[36mGET /static/js/all_.js HTTP/1.1[0m" 304 -
2024-04-12 12:02:20,169 127.0.0.1 - - [12/Apr/2024 12:02:20] "GET / HTTP/1.1" 200 -
2024-04-12 12:02:20,297 127.0.0.1 - - [12/Apr/2024 12:02:20] "[36mGET /static/css/all_css.css HTTP/1.1[0m" 304 -
2024-04-12 12:02:20,333 127.0.0.1 - - [12/Apr/2024 12:02:20] "[36mGET /static/css/index.css HTTP/1.1[0m" 304 -
2024-04-12 12:02:20,338 127.0.0.1 - - [12/Apr/2024 12:02:20] "[36mGET /static/img/默认头像.jpg HTTP/1.1[0m" 304 -
2024-04-12 12:02:20,349 127.0.0.1 - - [12/Apr/2024 12:02:20] "[36mGET /static/js/all_.js HTTP/1.1[0m" 304 -
2024-04-12 12:03:19,787 127.0.0.1 - - [12/Apr/2024 12:03:19] "GET / HTTP/1.1" 200 -
2024-04-12 12:03:19,900 127.0.0.1 - - [12/Apr/2024 12:03:19] "[36mGET /static/css/all_css.css HTTP/1.1[0m" 304 -
2024-04-12 12:03:19,939 127.0.0.1 - - [12/Apr/2024 12:03:19] "[36mGET /static/css/index.css HTTP/1.1[0m" 304 -
2024-04-12 12:03:19,949 127.0.0.1 - - [12/Apr/2024 12:03:19] "[36mGET /static/img/默认头像.jpg HTTP/1.1[0m" 304 -
2024-04-12 12:03:19,952 127.0.0.1 - - [12/Apr/2024 12:03:19] "[36mGET /static/js/all_.js HTTP/1.1[0m" 304 -
2024-04-12 12:03:28,070 127.0.0.1 - - [12/Apr/2024 12:03:28] "GET / HTTP/1.1" 200 -
2024-04-12 12:03:28,148 127.0.0.1 - - [12/Apr/2024 12:03:28] "[36mGET /static/css/all_css.css HTTP/1.1[0m" 304 -
2024-04-12 12:03:28,165 127.0.0.1 - - [12/Apr/2024 12:03:28] "[36mGET /static/css/index.css HTTP/1.1[0m" 304 -
2024-04-12 12:03:28,169 127.0.0.1 - - [12/Apr/2024 12:03:28] "[36mGET /static/img/默认头像.jpg HTTP/1.1[0m" 304 -
2024-04-12 12:03:28,171 127.0.0.1 - - [12/Apr/2024 12:03:28] "[36mGET /static/js/all_.js HTTP/1.1[0m" 304 -
2024-04-12 12:03:35,741 127.0.0.1 - - [12/Apr/2024 12:03:35] "GET / HTTP/1.1" 200 -
2024-04-12 12:03:35,829 127.0.0.1 - - [12/Apr/2024 12:03:35] "[36mGET /static/css/all_css.css HTTP/1.1[0m" 304 -
2024-04-12 12:03:35,834 127.0.0.1 - - [12/Apr/2024 12:03:35] "[36mGET /static/css/index.css HTTP/1.1[0m" 304 -
2024-04-12 12:03:35,850 127.0.0.1 - - [12/Apr/2024 12:03:35] "[36mGET /static/img/默认头像.jpg HTTP/1.1[0m" 304 -
2024-04-12 12:03:35,854 127.0.0.1 - - [12/Apr/2024 12:03:35] "[36mGET /static/js/all_.js HTTP/1.1[0m" 304 -
2024-04-12 12:04:42,799 127.0.0.1 - - [12/Apr/2024 12:04:42] "GET / HTTP/1.1" 200 -
2024-04-12 12:04:42,861 127.0.0.1 - - [12/Apr/2024 12:04:42] "[36mGET /static/css/all_css.css HTTP/1.1[0m" 304 -
2024-04-12 12:04:42,866 127.0.0.1 - - [12/Apr/2024 12:04:42] "[36mGET /static/css/index.css HTTP/1.1[0m" 304 -
2024-04-12 12:04:42,868 127.0.0.1 - - [12/Apr/2024 12:04:42] "[36mGET /static/img/默认头像.jpg HTTP/1.1[0m" 304 -
2024-04-12 12:04:42,879 127.0.0.1 - - [12/Apr/2024 12:04:42] "[36mGET /static/js/all_.js HTTP/1.1[0m" 304 -
2024-04-12 12:05:13,940 127.0.0.1 - - [12/Apr/2024 12:05:13] "GET / HTTP/1.1" 200 -
2024-04-12 12:05:14,000 127.0.0.1 - - [12/Apr/2024 12:05:14] "[36mGET /static/css/all_css.css HTTP/1.1[0m" 304 -
2024-04-12 12:05:14,008 127.0.0.1 - - [12/Apr/2024 12:05:14] "[36mGET /static/css/index.css HTTP/1.1[0m" 304 -
2024-04-12 12:05:14,015 127.0.0.1 - - [12/Apr/2024 12:05:14] "[36mGET /static/img/默认头像.jpg HTTP/1.1[0m" 304 -
2024-04-12 12:05:14,017 127.0.0.1 - - [12/Apr/2024 12:05:14] "[36mGET /static/js/all_.js HTTP/1.1[0m" 304 -
2024-04-12 12:07:51,221 127.0.0.1 - - [12/Apr/2024 12:07:51] "GET / HTTP/1.1" 200 -
2024-04-12 12:07:51,297 127.0.0.1 - - [12/Apr/2024 12:07:51] "[36mGET /static/css/all_css.css HTTP/1.1[0m" 304 -
2024-04-12 12:07:51,299 127.0.0.1 - - [12/Apr/2024 12:07:51] "[36mGET /static/img/默认头像.jpg HTTP/1.1[0m" 304 -
2024-04-12 12:07:51,300 127.0.0.1 - - [12/Apr/2024 12:07:51] "[36mGET /static/css/index.css HTTP/1.1[0m" 304 -
2024-04-12 12:07:51,342 127.0.0.1 - - [12/Apr/2024 12:07:51] "[36mGET /static/js/all_.js HTTP/1.1[0m" 304 -
2024-04-12 12:10:57,714  * Detected change in 'E:\\Python_project\\flask_blog\\conf.py', reloading
2024-04-12 12:10:57,794  * Restarting with stat
2024-04-12 12:10:58,818  * Debugger is active!
2024-04-12 12:10:58,830  * Debugger PIN: 139-171-276
2024-04-12 12:14:10,682  * Detected change in 'E:\\Python_project\\flask_blog\\conf.py', reloading
2024-04-12 12:14:10,720  * Restarting with stat
2024-04-12 12:14:11,333  * Debugger is active!
2024-04-12 12:14:11,342  * Debugger PIN: 139-171-276
2024-04-12 12:14:47,736  * Detected change in 'E:\\Python_project\\flask_blog\\app.py', reloading
2024-04-12 12:14:47,808  * Restarting with stat
2024-04-12 12:15:14,386  * Restarting with stat
2024-04-12 12:15:38,048  * Restarting with stat
2024-04-12 12:15:39,322  * Debugger is active!
2024-04-12 12:15:39,335  * Debugger PIN: 921-776-081
2024-04-12 12:15:48,238  * Detected change in 'E:\\Python_project\\flask_blog\\app.py', reloading
2024-04-12 12:15:48,373  * Restarting with stat
2024-04-12 12:15:49,531  * Debugger is active!
2024-04-12 12:15:49,541  * Debugger PIN: 921-776-081
2024-04-12 12:17:28,938  * Detected change in 'E:\\Python_project\\flask_blog\\modes\\user.py', reloading
2024-04-12 12:17:29,022  * Restarting with stat
2024-04-12 12:17:30,035  * Debugger is active!
2024-04-12 12:17:30,044  * Debugger PIN: 921-776-081
2024-04-12 12:17:45,192  * Detected change in 'E:\\Python_project\\flask_blog\\modes\\user.py', reloading
2024-04-12 12:17:45,307  * Restarting with stat
2024-04-12 12:17:46,431  * Debugger is active!
2024-04-12 12:17:46,442  * Debugger PIN: 921-776-081
2024-04-12 12:18:20,753  * Detected change in 'E:\\Python_project\\flask_blog\\modes\\user.py', reloading
2024-04-12 12:18:20,839  * Restarting with stat
2024-04-12 12:18:21,826  * Debugger is active!
2024-04-12 12:18:21,833  * Debugger PIN: 921-776-081
2024-04-12 12:18:38,076  * Detected change in 'E:\\Python_project\\flask_blog\\modes\\user.py', reloading
2024-04-12 12:18:38,158  * Restarting with stat
2024-04-12 12:18:39,106  * Debugger is active!
2024-04-12 12:18:39,113  * Debugger PIN: 921-776-081
2024-04-12 12:18:56,560  * Detected change in 'E:\\Python_project\\flask_blog\\modes\\user.py', reloading
2024-04-12 12:18:56,646  * Restarting with stat
2024-04-12 12:18:57,556  * Debugger is active!
2024-04-12 12:18:57,565  * Debugger PIN: 921-776-081
2024-04-12 12:19:03,195  * Detected change in 'E:\\Python_project\\flask_blog\\modes\\user.py', reloading
2024-04-12 12:19:03,284  * Restarting with stat
2024-04-12 12:19:04,279  * Debugger is active!
2024-04-12 12:19:04,287  * Debugger PIN: 921-776-081
2024-04-12 12:19:17,145  * Detected change in 'E:\\Python_project\\flask_blog\\modes\\user.py', reloading
2024-04-12 12:19:17,244  * Restarting with stat
2024-04-12 12:19:18,428  * Debugger is active!
2024-04-12 12:19:18,437  * Debugger PIN: 921-776-081
2024-04-12 12:19:22,932  * Detected change in 'E:\\Python_project\\flask_blog\\modes\\user.py', reloading
2024-04-12 12:19:23,062  * Restarting with stat
2024-04-12 12:19:24,316  * Debugger is active!
2024-04-12 12:19:24,328  * Debugger PIN: 921-776-081
2024-04-12 12:21:42,245  * Detected change in 'E:\\Python_project\\flask_blog\\modes\\user.py', reloading
2024-04-12 12:21:42,341  * Restarting with stat
2024-04-12 12:21:43,324  * Debugger is active!
2024-04-12 12:21:43,334  * Debugger PIN: 921-776-081
2024-04-12 12:21:55,347  * Detected change in 'E:\\Python_project\\flask_blog\\modes\\user.py', reloading
2024-04-12 12:21:55,441  * Restarting with stat
2024-04-12 12:21:56,436  * Debugger is active!
2024-04-12 12:21:56,448  * Debugger PIN: 921-776-081
2024-04-12 12:25:11,043  * Detected change in 'E:\\Python_project\\flask_blog\\modes\\user.py', reloading
2024-04-12 12:25:11,135  * Restarting with stat
2024-04-12 12:25:12,385  * Debugger is active!
2024-04-12 12:25:12,395  * Debugger PIN: 921-776-081
2024-04-12 12:26:50,625  * Detected change in 'E:\\Python_project\\flask_blog\\modes\\user.py', reloading
2024-04-12 12:26:50,725  * Restarting with stat
2024-04-12 12:26:51,764  * Debugger is active!
2024-04-12 12:26:51,775  * Debugger PIN: 921-776-081
2024-04-12 12:27:45,369  * Detected change in 'E:\\Python_project\\flask_blog\\modes\\user.py', reloading
2024-04-12 12:27:45,484  * Restarting with stat
2024-04-12 12:27:46,824  * Debugger is active!
2024-04-12 12:27:46,834  * Debugger PIN: 921-776-081
2024-04-12 12:28:14,125  * Detected change in 'E:\\Python_project\\flask_blog\\modes\\dbclient.py', reloading
2024-04-12 12:28:14,275  * Restarting with stat
2024-04-12 12:28:15,413  * Debugger is active!
2024-04-12 12:28:15,426  * Debugger PIN: 921-776-081
2024-04-12 12:29:57,785  * Detected change in 'E:\\Python_project\\flask_blog\\modes\\user.py', reloading
2024-04-12 12:29:57,882  * Restarting with stat
2024-04-12 12:29:58,953  * Debugger is active!
2024-04-12 12:29:58,961  * Debugger PIN: 921-776-081
2024-04-12 12:33:05,462  * Detected change in 'E:\\Python_project\\flask_blog\\modes\\user.py', reloading
2024-04-12 12:33:05,566  * Restarting with stat
2024-04-12 12:33:06,581  * Debugger is active!
2024-04-12 12:33:06,591  * Debugger PIN: 921-776-081
2024-04-12 12:36:25,625  * Detected change in 'E:\\Python_project\\flask_blog\\modes\\user.py', reloading
2024-04-12 12:36:25,733  * Restarting with stat
2024-04-12 12:36:26,977  * Debugger is active!
2024-04-12 12:36:26,987  * Debugger PIN: 921-776-081
2024-04-12 12:39:58,762  * Detected change in 'E:\\Python_project\\flask_blog\\modes\\user.py', reloading
2024-04-12 12:39:58,874  * Restarting with stat
2024-04-12 12:40:01,762  * Debugger is active!
2024-04-12 12:40:01,783  * Debugger PIN: 921-776-081
2024-04-12 12:44:04,257  * Detected change in 'E:\\Python_project\\flask_blog\\app.py', reloading
2024-04-12 12:44:04,393  * Restarting with stat
2024-04-12 12:47:51,814  * Restarting with stat
2024-04-12 12:48:24,143  * Restarting with stat
2024-04-12 12:51:11,411  * Restarting with stat
2024-04-12 12:51:18,612  * Restarting with stat
2024-04-12 13:23:33,956 [31m[1mWARNING: This is a development server. Do not use it in a production deployment. Use a production WSGI server instead.[0m
 * Running on http://127.0.0.1:5000
2024-04-12 13:23:33,956 [33mPress CTRL+C to quit[0m
2024-04-12 13:23:33,959  * Restarting with stat
2024-04-12 13:23:35,199  * Debugger is active!
2024-04-12 13:23:35,211  * Debugger PIN: 139-171-276
2024-04-12 13:23:37,604 127.0.0.1 - - [12/Apr/2024 13:23:37] "GET / HTTP/1.1" 200 -
2024-04-12 13:23:37,608 127.0.0.1 - - [12/Apr/2024 13:23:37] "GET / HTTP/1.1" 200 -
2024-04-12 13:23:38,194 127.0.0.1 - - [12/Apr/2024 13:23:38] "[36mGET /static/img/默认头像.jpg HTTP/1.1[0m" 304 -
2024-04-12 13:23:38,196 127.0.0.1 - - [12/Apr/2024 13:23:38] "[36mGET /static/js/all_.js HTTP/1.1[0m" 304 -
2024-04-12 13:23:38,204 127.0.0.1 - - [12/Apr/2024 13:23:38] "[36mGET /static/js/all_.js HTTP/1.1[0m" 304 -
2024-04-12 13:23:38,207 127.0.0.1 - - [12/Apr/2024 13:23:38] "[36mGET /static/img/默认头像.jpg HTTP/1.1[0m" 304 -
2024-04-12 13:23:38,266 127.0.0.1 - - [12/Apr/2024 13:23:38] "[36mGET /static/css/index.css HTTP/1.1[0m" 304 -
2024-04-12 13:23:38,271 127.0.0.1 - - [12/Apr/2024 13:23:38] "[36mGET /static/css/all_css.css HTTP/1.1[0m" 304 -
2024-04-12 13:23:38,273 127.0.0.1 - - [12/Apr/2024 13:23:38] "[36mGET /static/css/index.css HTTP/1.1[0m" 304 -
2024-04-12 13:23:38,278 127.0.0.1 - - [12/Apr/2024 13:23:38] "[36mGET /static/css/all_css.css HTTP/1.1[0m" 304 -
2024-04-12 13:23:46,183 127.0.0.1 - - [12/Apr/2024 13:23:46] "[35m[1mGET /logout HTTP/1.1[0m" 500 -
2024-04-12 13:23:46,210 127.0.0.1 - - [12/Apr/2024 13:23:46] "GET /logout?__debugger__=yes&cmd=resource&f=style.css HTTP/1.1" 200 -
2024-04-12 13:23:46,211 127.0.0.1 - - [12/Apr/2024 13:23:46] "GET /logout?__debugger__=yes&cmd=resource&f=debugger.js HTTP/1.1" 200 -
2024-04-12 13:23:46,263 127.0.0.1 - - [12/Apr/2024 13:23:46] "[36mGET /logout?__debugger__=yes&cmd=resource&f=console.png HTTP/1.1[0m" 304 -
2024-04-12 13:23:46,350 127.0.0.1 - - [12/Apr/2024 13:23:46] "[36mGET /logout?__debugger__=yes&cmd=resource&f=console.png HTTP/1.1[0m" 304 -
2024-04-12 13:24:30,642  * Detected change in 'E:\\Python_project\\flask_blog\\app.py', reloading
2024-04-12 13:24:30,761  * Restarting with stat
2024-04-12 13:24:32,130  * Debugger is active!
2024-04-12 13:24:32,138  * Debugger PIN: 139-171-276
2024-04-12 13:24:32,276 127.0.0.1 - - [12/Apr/2024 13:24:32] "[35m[1mGET /logout HTTP/1.1[0m" 500 -
2024-04-12 13:24:32,563 127.0.0.1 - - [12/Apr/2024 13:24:32] "[36mGET /logout?__debugger__=yes&cmd=resource&f=style.css HTTP/1.1[0m" 304 -
2024-04-12 13:24:32,564 127.0.0.1 - - [12/Apr/2024 13:24:32] "[36mGET /logout?__debugger__=yes&cmd=resource&f=debugger.js HTTP/1.1[0m" 304 -
2024-04-12 13:24:32,579 127.0.0.1 - - [12/Apr/2024 13:24:32] "[36mGET /logout?__debugger__=yes&cmd=resource&f=console.png HTTP/1.1[0m" 304 -
2024-04-12 13:24:32,687 127.0.0.1 - - [12/Apr/2024 13:24:32] "[36mGET /logout?__debugger__=yes&cmd=resource&f=console.png HTTP/1.1[0m" 304 -
2024-04-12 13:24:36,548 127.0.0.1 - - [12/Apr/2024 13:24:36] "GET / HTTP/1.1" 200 -
2024-04-12 13:24:36,575 127.0.0.1 - - [12/Apr/2024 13:24:36] "[36mGET /static/css/all_css.css HTTP/1.1[0m" 304 -
2024-04-12 13:24:36,577 127.0.0.1 - - [12/Apr/2024 13:24:36] "[36mGET /static/css/index.css HTTP/1.1[0m" 304 -
2024-04-12 13:24:36,578 127.0.0.1 - - [12/Apr/2024 13:24:36] "[36mGET /static/img/默认头像.jpg HTTP/1.1[0m" 304 -
2024-04-12 13:24:36,583 127.0.0.1 - - [12/Apr/2024 13:24:36] "[36mGET /static/js/all_.js HTTP/1.1[0m" 304 -
2024-04-12 13:24:39,514 127.0.0.1 - - [12/Apr/2024 13:24:39] "[35m[1mGET /logout HTTP/1.1[0m" 500 -
2024-04-12 13:24:39,547 127.0.0.1 - - [12/Apr/2024 13:24:39] "[36mGET /logout?__debugger__=yes&cmd=resource&f=style.css HTTP/1.1[0m" 304 -
2024-04-12 13:24:39,548 127.0.0.1 - - [12/Apr/2024 13:24:39] "[36mGET /logout?__debugger__=yes&cmd=resource&f=debugger.js HTTP/1.1[0m" 304 -
2024-04-12 13:24:39,567 127.0.0.1 - - [12/Apr/2024 13:24:39] "[36mGET /logout?__debugger__=yes&cmd=resource&f=console.png HTTP/1.1[0m" 304 -
2024-04-12 13:25:01,146  * Detected change in 'E:\\Python_project\\flask_blog\\app.py', reloading
2024-04-12 13:25:01,298  * Restarting with stat
2024-04-12 13:25:02,688  * Debugger is active!
2024-04-12 13:25:02,697  * Debugger PIN: 139-171-276
2024-04-12 13:25:02,848 127.0.0.1 - - [12/Apr/2024 13:25:02] "[35m[1mGET /logout HTTP/1.1[0m" 500 -
2024-04-12 13:25:02,850 127.0.0.1 - - [12/Apr/2024 13:25:02] "[35m[1mGET /logout HTTP/1.1[0m" 500 -
2024-04-12 13:25:03,124 127.0.0.1 - - [12/Apr/2024 13:25:03] "[36mGET /logout?__debugger__=yes&cmd=resource&f=style.css HTTP/1.1[0m" 304 -
2024-04-12 13:25:03,129 127.0.0.1 - - [12/Apr/2024 13:25:03] "[36mGET /logout?__debugger__=yes&cmd=resource&f=debugger.js HTTP/1.1[0m" 304 -
2024-04-12 13:25:03,146 127.0.0.1 - - [12/Apr/2024 13:25:03] "[36mGET /logout?__debugger__=yes&cmd=resource&f=console.png HTTP/1.1[0m" 304 -
2024-04-12 13:25:03,258 127.0.0.1 - - [12/Apr/2024 13:25:03] "[36mGET /logout?__debugger__=yes&cmd=resource&f=console.png HTTP/1.1[0m" 304 -
2024-04-12 13:25:07,095 127.0.0.1 - - [12/Apr/2024 13:25:07] "GET / HTTP/1.1" 200 -
2024-04-12 13:25:07,122 127.0.0.1 - - [12/Apr/2024 13:25:07] "[36mGET /static/css/all_css.css HTTP/1.1[0m" 304 -
2024-04-12 13:25:07,123 127.0.0.1 - - [12/Apr/2024 13:25:07] "[36mGET /static/css/index.css HTTP/1.1[0m" 304 -
2024-04-12 13:25:07,125 127.0.0.1 - - [12/Apr/2024 13:25:07] "[36mGET /static/img/默认头像.jpg HTTP/1.1[0m" 304 -
2024-04-12 13:25:07,126 127.0.0.1 - - [12/Apr/2024 13:25:07] "[36mGET /static/js/all_.js HTTP/1.1[0m" 304 -
2024-04-12 13:25:09,260 127.0.0.1 - - [12/Apr/2024 13:25:09] "[35m[1mGET /logout HTTP/1.1[0m" 500 -
2024-04-12 13:25:09,288 127.0.0.1 - - [12/Apr/2024 13:25:09] "[36mGET /logout?__debugger__=yes&cmd=resource&f=style.css HTTP/1.1[0m" 304 -
2024-04-12 13:25:09,294 127.0.0.1 - - [12/Apr/2024 13:25:09] "[36mGET /logout?__debugger__=yes&cmd=resource&f=debugger.js HTTP/1.1[0m" 304 -
2024-04-12 13:25:09,313 127.0.0.1 - - [12/Apr/2024 13:25:09] "[36mGET /logout?__debugger__=yes&cmd=resource&f=console.png HTTP/1.1[0m" 304 -
2024-04-12 13:26:01,885 [31m[1mWARNING: This is a development server. Do not use it in a production deployment. Use a production WSGI server instead.[0m
 * Running on http://127.0.0.1:5000
2024-04-12 13:26:01,885 [33mPress CTRL+C to quit[0m
2024-04-12 13:26:01,888  * Restarting with stat
2024-04-12 13:26:03,261  * Debugger is active!
2024-04-12 13:26:03,272  * Debugger PIN: 139-171-276
2024-04-12 13:26:04,094 127.0.0.1 - - [12/Apr/2024 13:26:04] "[35m[1mGET /logout HTTP/1.1[0m" 500 -
2024-04-12 13:26:04,309 127.0.0.1 - - [12/Apr/2024 13:26:04] "[36mGET /logout?__debugger__=yes&cmd=resource&f=style.css HTTP/1.1[0m" 304 -
2024-04-12 13:26:04,310 127.0.0.1 - - [12/Apr/2024 13:26:04] "[36mGET /logout?__debugger__=yes&cmd=resource&f=debugger.js HTTP/1.1[0m" 304 -
2024-04-12 13:26:04,327 127.0.0.1 - - [12/Apr/2024 13:26:04] "[36mGET /logout?__debugger__=yes&cmd=resource&f=console.png HTTP/1.1[0m" 304 -
2024-04-12 13:26:04,438 127.0.0.1 - - [12/Apr/2024 13:26:04] "[36mGET /logout?__debugger__=yes&cmd=resource&f=console.png HTTP/1.1[0m" 304 -
2024-04-12 13:26:08,075 127.0.0.1 - - [12/Apr/2024 13:26:08] "GET / HTTP/1.1" 200 -
2024-04-12 13:26:08,107 127.0.0.1 - - [12/Apr/2024 13:26:08] "[36mGET /static/css/all_css.css HTTP/1.1[0m" 304 -
2024-04-12 13:26:08,108 127.0.0.1 - - [12/Apr/2024 13:26:08] "[36mGET /static/css/index.css HTTP/1.1[0m" 304 -
2024-04-12 13:26:08,110 127.0.0.1 - - [12/Apr/2024 13:26:08] "[36mGET /static/img/默认头像.jpg HTTP/1.1[0m" 304 -
2024-04-12 13:26:08,113 127.0.0.1 - - [12/Apr/2024 13:26:08] "[36mGET /static/js/all_.js HTTP/1.1[0m" 304 -
2024-04-12 13:26:12,870 127.0.0.1 - - [12/Apr/2024 13:26:12] "[35m[1mGET /logout HTTP/1.1[0m" 500 -
2024-04-12 13:26:12,901 127.0.0.1 - - [12/Apr/2024 13:26:12] "[36mGET /logout?__debugger__=yes&cmd=resource&f=style.css HTTP/1.1[0m" 304 -
2024-04-12 13:26:12,902 127.0.0.1 - - [12/Apr/2024 13:26:12] "[36mGET /logout?__debugger__=yes&cmd=resource&f=debugger.js HTTP/1.1[0m" 304 -
2024-04-12 13:26:12,922 127.0.0.1 - - [12/Apr/2024 13:26:12] "[36mGET /logout?__debugger__=yes&cmd=resource&f=console.png HTTP/1.1[0m" 304 -
2024-04-12 13:28:00,770  * Detected change in 'E:\\Python_project\\flask_blog\\app.py', reloading
2024-04-12 13:28:00,981  * Restarting with stat
2024-04-12 13:28:03,175  * Debugger is active!
2024-04-12 13:28:03,185  * Debugger PIN: 139-171-276
2024-04-12 13:28:04,297 127.0.0.1 - - [12/Apr/2024 13:28:04] "[32mGET /logout HTTP/1.1[0m" 302 -
2024-04-12 13:28:04,325 127.0.0.1 - - [12/Apr/2024 13:28:04] "GET / HTTP/1.1" 200 -
2024-04-12 13:28:04,759 127.0.0.1 - - [12/Apr/2024 13:28:04] "[36mGET /static/js/all_.js HTTP/1.1[0m" 304 -
2024-04-12 13:28:04,779 127.0.0.1 - - [12/Apr/2024 13:28:04] "[36mGET /static/css/index.css HTTP/1.1[0m" 304 -
2024-04-12 13:28:04,792 127.0.0.1 - - [12/Apr/2024 13:28:04] "[36mGET /static/img/默认头像.jpg HTTP/1.1[0m" 304 -
2024-04-12 13:28:04,792 127.0.0.1 - - [12/Apr/2024 13:28:04] "[36mGET /static/css/all_css.css HTTP/1.1[0m" 304 -
2024-04-12 13:28:06,608 127.0.0.1 - - [12/Apr/2024 13:28:06] "GET /login HTTP/1.1" 200 -
2024-04-12 13:28:10,051 127.0.0.1 - - [12/Apr/2024 13:28:10] "[32mPOST /login HTTP/1.1[0m" 302 -
2024-04-12 13:28:10,057 127.0.0.1 - - [12/Apr/2024 13:28:10] "GET / HTTP/1.1" 200 -
2024-04-12 13:28:10,096 127.0.0.1 - - [12/Apr/2024 13:28:10] "[36mGET /static/css/all_css.css HTTP/1.1[0m" 304 -
2024-04-12 13:28:10,097 127.0.0.1 - - [12/Apr/2024 13:28:10] "[36mGET /static/css/index.css HTTP/1.1[0m" 304 -
2024-04-12 13:28:10,098 127.0.0.1 - - [12/Apr/2024 13:28:10] "[36mGET /static/img/默认头像.jpg HTTP/1.1[0m" 304 -
2024-04-12 13:28:10,105 127.0.0.1 - - [12/Apr/2024 13:28:10] "[36mGET /static/js/all_.js HTTP/1.1[0m" 304 -
2024-04-12 13:28:12,395 127.0.0.1 - - [12/Apr/2024 13:28:12] "[32mGET /logout HTTP/1.1[0m" 302 -
2024-04-12 13:28:12,402 127.0.0.1 - - [12/Apr/2024 13:28:12] "GET / HTTP/1.1" 200 -
2024-04-12 13:28:12,424 127.0.0.1 - - [12/Apr/2024 13:28:12] "[36mGET /static/css/all_css.css HTTP/1.1[0m" 304 -
2024-04-12 13:28:12,426 127.0.0.1 - - [12/Apr/2024 13:28:12] "[36mGET /static/css/index.css HTTP/1.1[0m" 304 -
2024-04-12 13:28:12,430 127.0.0.1 - - [12/Apr/2024 13:28:12] "[36mGET /static/img/默认头像.jpg HTTP/1.1[0m" 304 -
2024-04-12 13:28:12,430 127.0.0.1 - - [12/Apr/2024 13:28:12] "[36mGET /static/js/all_.js HTTP/1.1[0m" 304 -
2024-04-12 13:29:34,570  * Detected change in 'E:\\Python_project\\flask_blog\\app.py', reloading
2024-04-12 13:29:34,737  * Restarting with stat
